Archive member included to satisfy reference by file (symbol)

C:/devkitPro/libgba/lib\libmm.a(mm_mas.o)
                              bn_hw_audio.o (mmStart)
C:/devkitPro/libgba/lib\libmm.a(mm_main.o)
                              C:/devkitPro/libgba/lib\libmm.a(mm_mas.o) (mmCallback)
C:/devkitPro/libgba/lib\libmm.a(mm_effect.o)
                              bn_hw_audio.o (mmEffect)
C:/devkitPro/libgba/lib\libmm.a(mm_mas_arm.o)
                              C:/devkitPro/libgba/lib\libmm.a(mm_mas.o) (mmAllocChannel)
C:/devkitPro/libgba/lib\libmm.a(mm_mixer_gba.o)
                              bn_hw_audio.o (mmVBlank)
C:/devkitPro/libgba/lib\libmm.a(mm_main_gba.o)
                              C:/devkitPro/libgba/lib\libmm.a(mm_mixer_gba.o) (mm_vblank_function)
C:/devkitPro/devkitARM/bin/../lib/gcc/arm-none-eabi/13.1.0/thumb\libgcc.a(_call_via_rX.o)
                              C:/devkitPro/libgba/lib\libmm.a(mm_main_gba.o) (_call_via_r1)
C:/devkitPro/devkitARM/bin/../lib/gcc/arm-none-eabi/13.1.0/thumb\libgcc.a(_aeabi_ldivmod.o)
                              bn_hw_text.o (__aeabi_ldivmod)
C:/devkitPro/devkitARM/bin/../lib/gcc/arm-none-eabi/13.1.0/thumb\libgcc.a(_aeabi_uldivmod.o)
                              bn_hw_text.o (__aeabi_uldivmod)
C:/devkitPro/devkitARM/bin/../lib/gcc/arm-none-eabi/13.1.0/thumb\libgcc.a(_udivmoddi4.o)
                              C:/devkitPro/devkitARM/bin/../lib/gcc/arm-none-eabi/13.1.0/thumb\libgcc.a(_aeabi_ldivmod.o) (__udivmoddi4)
C:/devkitPro/devkitARM/bin/../lib/gcc/arm-none-eabi/13.1.0/../../../../arm-none-eabi/lib/thumb\libg.a(libc_a-printf.o)
                              main.o (printf)
C:/devkitPro/devkitARM/bin/../lib/gcc/arm-none-eabi/13.1.0/../../../../arm-none-eabi/lib/thumb\libg.a(libc_a-vfprintf.o)
                              C:/devkitPro/devkitARM/bin/../lib/gcc/arm-none-eabi/13.1.0/../../../../arm-none-eabi/lib/thumb\libg.a(libc_a-printf.o) (_vfprintf_r)
C:/devkitPro/devkitARM/bin/../lib/gcc/arm-none-eabi/13.1.0/../../../../arm-none-eabi/lib/thumb\libg.a(libc_a-strlen.o)
                              C:/devkitPro/devkitARM/bin/../lib/gcc/arm-none-eabi/13.1.0/../../../../arm-none-eabi/lib/thumb\libg.a(libc_a-vfprintf.o) (strlen)
C:/devkitPro/devkitARM/bin/../lib/gcc/arm-none-eabi/13.1.0/../../../../arm-none-eabi/lib/thumb\libg.a(libc_a-fflush.o)
                              C:/devkitPro/devkitARM/bin/../lib/gcc/arm-none-eabi/13.1.0/../../../../arm-none-eabi/lib/thumb\libg.a(libc_a-vfprintf.o) (_fflush_r)
C:/devkitPro/devkitARM/bin/../lib/gcc/arm-none-eabi/13.1.0/../../../../arm-none-eabi/lib/thumb\libg.a(libc_a-fwalk.o)
                              C:/devkitPro/devkitARM/bin/../lib/gcc/arm-none-eabi/13.1.0/../../../../arm-none-eabi/lib/thumb\libg.a(libc_a-fflush.o) (_fwalk_sglue)
C:/devkitPro/devkitARM/bin/../lib/gcc/arm-none-eabi/13.1.0/../../../../arm-none-eabi/lib/thumb\libg.a(libc_a-strncpy.o)
                              C:/devkitPro/devkitARM/bin/../lib/gcc/arm-none-eabi/13.1.0/../../../../arm-none-eabi/lib/thumb\libg.a(libc_a-vfprintf.o) (strncpy)
C:/devkitPro/devkitARM/bin/../lib/gcc/arm-none-eabi/13.1.0/../../../../arm-none-eabi/lib/thumb\libg.a(libc_a-findfp.o)
                              C:/devkitPro/devkitARM/bin/../lib/gcc/arm-none-eabi/13.1.0/../../../../arm-none-eabi/lib/thumb\libg.a(libc_a-fflush.o) (__sglue)
C:/devkitPro/devkitARM/bin/../lib/gcc/arm-none-eabi/13.1.0/../../../../arm-none-eabi/lib/thumb\libg.a(libc_a-locale.o)
                              C:/devkitPro/devkitARM/bin/../lib/gcc/arm-none-eabi/13.1.0/../../../../arm-none-eabi/lib/thumb\libg.a(libc_a-vfprintf.o) (__global_locale)
C:/devkitPro/devkitARM/bin/../lib/gcc/arm-none-eabi/13.1.0/../../../../arm-none-eabi/lib/thumb\libg.a(libc_a-strcmp.o)
                              C:/devkitPro/devkitARM/bin/../lib/gcc/arm-none-eabi/13.1.0/../../../../arm-none-eabi/lib/thumb\libg.a(libc_a-locale.o) (strcmp)
C:/devkitPro/devkitARM/bin/../lib/gcc/arm-none-eabi/13.1.0/../../../../arm-none-eabi/lib/thumb\libg.a(libc_a-localeconv.o)
                              C:/devkitPro/devkitARM/bin/../lib/gcc/arm-none-eabi/13.1.0/../../../../arm-none-eabi/lib/thumb\libg.a(libc_a-vfprintf.o) (_localeconv_r)
C:/devkitPro/devkitARM/bin/../lib/gcc/arm-none-eabi/13.1.0/../../../../arm-none-eabi/lib/thumb\libg.a(libc_a-strcpy.o)
                              C:/devkitPro/devkitARM/bin/../lib/gcc/arm-none-eabi/13.1.0/../../../../arm-none-eabi/lib/thumb\libg.a(libc_a-locale.o) (strcpy)
C:/devkitPro/devkitARM/bin/../lib/gcc/arm-none-eabi/13.1.0/../../../../arm-none-eabi/lib/thumb\libg.a(libc_a-memchr-stub.o)
                              C:/devkitPro/devkitARM/bin/../lib/gcc/arm-none-eabi/13.1.0/../../../../arm-none-eabi/lib/thumb\libg.a(libc_a-vfprintf.o) (memchr)
C:/devkitPro/devkitARM/bin/../lib/gcc/arm-none-eabi/13.1.0/../../../../arm-none-eabi/lib/thumb\libg.a(libc_a-wctomb_r.o)
[...]
Memory Configuration

Name             Origin             Length             Attributes
rom              0x08000000         0x02000000
iwram            0x03000000         0x00008000
ewram            0x02000000         0x00040000
*default*        0x00000000         0xffffffff

Linker script and memory map

                0x08000000                        __text_start = ORIGIN (rom)
                0x02040000                        __eheap_end = (ORIGIN (ewram) + LENGTH (ewram))
                0x03000000                        __iwram_start = ORIGIN (iwram)
                0x03008000                        __iwram_top = (ORIGIN (iwram) + LENGTH (iwram))
                0x03007fa0                        __sp_irq = (__iwram_top - 0x60)
                0x03007f00                        __sp_usr = (__sp_irq - 0xa0)
                0x03007ff8                        __irq_flags = 0x3007ff8
                0x08000000                        . = __text_start

.crt0           0x08000000      0x210
 *(.crt0)
 .crt0          0x08000000      0x210 C:/devkitPro/devkitARM/bin/../lib/gcc/arm-none-eabi/13.1.0/../../../../arm-none-eabi/lib/thumb/gba_crt0.o
                0x08000000                _start
                0x080000c4                __boot_method
                0x080000c5                __slave_number
                0x080000e0                start_vector
                0x08000210                        . = ALIGN (0x4)

.init           0x08000210        0xc
 *(SORT_NONE(.init))
 .init          0x08000210        0x4 C:/devkitPro/devkitARM/bin/../lib/gcc/arm-none-eabi/13.1.0/thumb/crti.o
                0x08000210                _init
 .init          0x08000214        0x8 C:/devkitPro/devkitARM/bin/../lib/gcc/arm-none-eabi/13.1.0/thumb/crtn.o

.plt            0x0800021c        0x0
 *(.plt)
                0x0800021c                        . = ALIGN (0x4)

.text           0x08000220    0x1af98
 *(EXCLUDE_FILE(*.iwram*) .text*)
 .text.__do_global_dtors_aux
                0x08000220       0x2c C:/devkitPro/devkitARM/bin/../lib/gcc/arm-none-eabi/13.1.0/thumb/crtbegin.o
 .text.frame_dummy
                0x0800024c       0x24 C:/devkitPro/devkitARM/bin/../lib/gcc/arm-none-eabi/13.1.0/thumb/crtbegin.o
 .text.startup.main
                0x08000270       0x78 main.o
                0x08000270                main
 .text._ZN2bn13audio_manager4initEv
                0x080002e8        0xc bn_audio_manager.o
                0x080002e8                bn::audio_manager::init()
 .text._ZN2bn13audio_manager7disableEv
                0x080002f4        0xc bn_audio_manager.o
                0x080002f4                bn::audio_manager::disable()
 .text._ZN2bn13audio_manager22disable_vblank_handlerEv
                0x08000300        0xc bn_audio_manager.o
                0x08000300                bn::audio_manager::disable_vblank_handler()
 .text._ZN2bn13audio_manager6updateEv
                0x0800030c       0x18 bn_audio_manager.o
                0x0800030c                bn::audio_manager::update()
 .text._ZN2bn13audio_manager6commitEv
                0x08000324        0xc bn_audio_manager.o
                0x08000324                bn::audio_manager::commit()
 .text._ZN3_bn6assert9show_argsIA18_ciEEvPKcS4_S4_iRKT_RKT0_
                0x08000330       0x58 bn_audio_manager.o
                0x08000330                void _bn::assert::show_args<char [18], int>(char const*, char const*, char const*, int, char const (&) [18], int const&)
 .text._ZN3_bn6assert9show_argsIA14_ciEEvPKcS4_S4_iRKT_RKT0_
                0x08000388       0x58 bn_audio_manager.o
                0x08000388                void _bn::assert::show_args<char [14], int>(char const*, char const*, char const*, int, char const (&) [14], int const&)
 .text._ZN2bn13audio_manager16execute_commandsEv
                0x080003e0      0x240 bn_audio_manager.o
                0x080003e0                bn::audio_manager::execute_commands()
 .text._ZN3_bn6assert9show_argsIA26_ciEEvPKcS4_S4_iRKT_RKT0_
                0x08000620       0x58 bn_audio_manager.o
                0x08000620                void _bn::assert::show_args<char [26], int>(char const*, char const*, char const*, int, char const (&) [26], int const&)
 .text._ZN3_bn6assert9show_argsIA33_cEEvPKcS4_S4_iRKT_
                0x08000678       0x50 bn_audio_manager.o
                0x08000678                void _bn::assert::show_args<char [33]>(char const*, char const*, char const*, int, char const (&) [33])
 .text._ZN3_bn6assert9show_argsIA25_cEEvPKcS4_S4_iRKT_
                0x080006c8       0x50 bn_audio_manager.o
                0x080006c8                void _bn::assert::show_args<char [25]>(char const*, char const*, char const*, int, char const (&) [25])
 .text._ZN2bn13audio_manager10stop_musicEv
                0x08000718       0x70 bn_audio_manager.o
                0x08000718                bn::audio_manager::stop_music()
 .text._ZN2bn13audio_manager4stopEv
                0x08000788       0x60 bn_audio_manager.o
                0x08000788                bn::audio_manager::stop()
 .text._ZN3_bn6assert9show_argsIA24_cEEvPKcS4_S4_iRKT_
                0x080007e8       0x50 bn_audio_manager.o
                0x080007e8                void _bn::assert::show_args<char [24]>(char const*, char const*, char const*, int, char const (&) [24])
 .text.startup._GLOBAL__sub_I__ZN2bn5audio16update_on_vblankEv
                0x08000838       0x38 bn_audio_manager.o
 .text._ZN2bn18best_fit_allocator4freeEPv
                0x08000870      0x110 bn_best_fit_allocator.o
                0x08000870                bn::best_fit_allocator::free(void*)
 .text._ZN3_bn6assert9show_argsIA23_cEEvPKcS4_S4_iRKT_
                0x08000980       0x50 bn_best_fit_allocator.o
                0x08000980                void _bn::assert::show_args<char [23]>(char const*, char const*, char const*, int, char const (&) [23])
 .text._ZN2bn18best_fit_allocatorD2Ev
                0x080009d0       0x34 bn_best_fit_allocator.o
                0x080009d0                bn::best_fit_allocator::~best_fit_allocator()
                0x080009d0                bn::best_fit_allocator::~best_fit_allocator()
 .text._ZN3_bn6assert9show_argsIA16_ciEEvPKcS4_S4_iRKT_RKT0_
                0x08000a04       0x58 bn_best_fit_allocator.o
                0x08000a04                void _bn::assert::show_args<char [16], int>(char const*, char const*, char const*, int, char const (&) [16], int const&)
 .text._ZN3_bn6assert9show_argsIA14_cEEvPKcS4_S4_iRKT_
                0x08000a5c       0x50 bn_best_fit_allocator.o
                0x08000a5c                void _bn::assert::show_args<char [14]>(char const*, char const*, char const*, int, char const (&) [14])
 .text._ZN3_bn6assert9show_argsIA21_cEEvPKcS4_S4_iRKT_
                0x08000aac       0x50 bn_best_fit_allocator.o
                0x08000aac                void _bn::assert::show_args<char [21]>(char const*, char const*, char const*, int, char const (&) [21])
 .text._ZN2bn18best_fit_allocator5resetEPvi
                0x08000afc       0xc4 bn_best_fit_allocator.o
                0x08000afc                bn::best_fit_allocator::reset(void*, int)
 .text._ZN2bn17bg_blocks_manager12_GLOBAL__N_125_regular_map_blocks_countEii
                0x08000bc0       0x38 bn_bg_blocks_manager.o
 .text._ZN2bn13ostringstream11append_argsIiJA4_ctEEEvRKT_DpRKT0_.isra.0
                0x08000bf8       0x24 bn_bg_blocks_manager.o
 .text._ZN2bn13ostringstream11append_argsIiJA4_ciEEEvRKT_DpRKT0_.isra.0
                0x08000c1c       0x24 bn_bg_blocks_manager.o
 .text._ZNK2bn18regular_bg_map_ptr2idEv
                0x08000c40       0x18 bn_bg_blocks_manager.o
                0x08000c40                bn::regular_bg_map_ptr::id() const
 .text._ZNK2bn18regular_bg_map_ptr10dimensionsEv
                0x08000c58       0x20 bn_bg_blocks_manager.o
                0x08000c58                bn::regular_bg_map_ptr::dimensions() const
 .text._ZNK2bn20regular_bg_tiles_ptr3cbbEv
                0x08000c78       0x18 bn_bg_blocks_manager.o
                0x08000c78                bn::regular_bg_tiles_ptr::cbb() const
 .text._ZNK2bn17affine_bg_map_ptr2idEv
                0x08000c90       0x18 bn_bg_blocks_manager.o
                0x08000c90                bn::affine_bg_map_ptr::id() const
 .text._ZNK2bn17affine_bg_map_ptr10dimensionsEv
                0x08000ca8       0x20 bn_bg_blocks_manager.o
                0x08000ca8                bn::affine_bg_map_ptr::dimensions() const
 .text._ZNK2bn19affine_bg_tiles_ptr3cbbEv
                0x08000cc8       0x18 bn_bg_blocks_manager.o
                0x08000cc8                bn::affine_bg_tiles_ptr::cbb() const
 .text._ZN2bn17bg_blocks_manager10log_statusEv
                0x08000ce0      0x3f8 bn_bg_blocks_manager.o
                0x08000ce0                bn::bg_blocks_manager::log_status()
 .text._ZN2bn17bg_blocks_manager15decrease_usagesEi
                0x080010d8       0x98 bn_bg_blocks_manager.o
                0x080010d8                bn::bg_blocks_manager::decrease_usages(int)
 .text._ZN2bn18regular_bg_map_ptrD2Ev
                0x08001170       0x18 bn_bg_blocks_manager.o
                0x08001170                bn::regular_bg_map_ptr::~regular_bg_map_ptr()
                0x08001170                bn::regular_bg_map_ptr::~regular_bg_map_ptr()
 .text._ZN2bn17bg_blocks_manager12_GLOBAL__N_110items_list12insert_afterEiRKNS1_9item_typeE.constprop.0
                0x08001188      0x250 bn_bg_blocks_manager.o
 .text._ZN2bn17bg_blocks_manager4initEv
                0x080013d8       0x7c bn_bg_blocks_manager.o
                0x080013d8                bn::bg_blocks_manager::init()
 .text._ZN2bn17bg_blocks_manager11must_commitEi
                0x08001454       0x18 bn_bg_blocks_manager.o
                0x08001454                bn::bg_blocks_manager::must_commit(int)
 .text._ZN3_bn6assert9show_argsIA27_ciEEvPKcS4_S4_iRKT_RKT0_
                0x0800146c       0x58 bn_bg_blocks_manager.o
                0x0800146c                void _bn::assert::show_args<char [27], int>(char const*, char const*, char const*, int, char const (&) [27], int const&)
 .text._ZN3_bn6assert9show_argsIA15_ciEEvPKcS4_S4_iRKT_RKT0_
                0x080014c4       0x58 bn_bg_blocks_manager.o
                0x080014c4                void _bn::assert::show_args<char [15], int>(char const*, char const*, char const*, int, char const (&) [15], int const&)
 .text._ZN3_bn6assert9show_argsIJA22_ciA4_ciEEEvPKcS5_S5_iDpRKT_
                0x0800151c       0x5c bn_bg_blocks_manager.o
                0x0800151c                void _bn::assert::show_args<char [22], int, char [4], int>(char const*, char const*, char const*, int, char const (&) [22], int const&, char const (&) [4], int const&)
 .text._ZN3_bn6assert9show_argsIJA58_ciA4_ciEEEvPKcS5_S5_iDpRKT_
                0x08001578       0x5c bn_bg_blocks_manager.o
                0x08001578                void _bn::assert::show_args<char [58], int, char [4], int>(char const*, char const*, char const*, int, char const (&) [58], int const&, char const (&) [4], int const&)
 .text._ZN3_bn6assert9show_argsIA22_ciEEvPKcS4_S4_iRKT_RKT0_
                0x080015d4       0x58 bn_bg_blocks_manager.o
                0x080015d4                void _bn::assert::show_args<char [22], int>(char const*, char const*, char const*, int, char const (&) [22], int const&)
 .text._ZN3_bn6assert9show_argsIJA44_cPKtA4_cS4_EEEvPKcS7_S7_iDpRKT_
                0x0800162c       0x6c bn_bg_blocks_manager.o
                0x0800162c                void _bn::assert::show_args<char [44], unsigned short const*, char [4], unsigned short const*>(char const*, char const*, char const*, int, char const (&) [44], unsigned short const* const&, char const (&) [4], unsigned short const* const&)
 .text._ZN3_bn6assert9show_argsIJA46_ciA4_ciEEEvPKcS5_S5_iDpRKT_
                0x08001698       0x5c bn_bg_blocks_manager.o
                0x08001698                void _bn::assert::show_args<char [46], int, char [4], int>(char const*, char const*, char const*, int, char const (&) [46], int const&, char const (&) [4], int const&)
 .text._ZN3_bn6assert9show_argsIJA37_cbA4_cbEEEvPKcS5_S5_iDpRKT_
                0x080016f4       0x84 bn_bg_blocks_manager.o
                0x080016f4                void _bn::assert::show_args<char [37], bool, char [4], bool>(char const*, char const*, char const*, int, char const (&) [37], bool const&, char const (&) [4], bool const&)
 .text._ZN3_bn6assert9show_argsIA19_cEEvPKcS4_S4_iRKT_
                0x08001778       0x50 bn_bg_blocks_manager.o
                0x08001778                void _bn::assert::show_args<char [19]>(char const*, char const*, char const*, int, char const (&) [19])
 .text._ZN2bn17bg_blocks_manager12_GLOBAL__N_116_find_tiles_implEPKtNS_16compression_typeEib
                0x080017c8      0x1d8 bn_bg_blocks_manager.o
 .text._ZN3_bn6assert9show_argsIJA34_ciA4_ctEEEvPKcS5_S5_iDpRKT_
                0x080019a0       0x5c bn_bg_blocks_manager.o
                0x080019a0                void _bn::assert::show_args<char [34], int, char [4], unsigned short>(char const*, char const*, char const*, int, char const (&) [34], int const&, char const (&) [4], unsigned short const&)
 .text._ZN3_bn6assert9show_argsIJA36_ciA4_ctEEEvPKcS5_S5_iDpRKT_
                0x080019fc       0x5c bn_bg_blocks_manager.o
                0x080019fc                void _bn::assert::show_args<char [36], int, char [4], unsigned short>(char const*, char const*, char const*, int, char const (&) [36], int const&, char const (&) [4], unsigned short const&)
 .text._ZN3_bn6assert9show_argsIJA54_ciA4_ciEEEvPKcS5_S5_iDpRKT_
                0x08001a58       0x5c bn_bg_blocks_manager.o
                0x08001a58                void _bn::assert::show_args<char [54], int, char [4], int>(char const*, char const*, char const*, int, char const (&) [54], int const&, char const (&) [4], int const&)
 .text._ZN3_bn6assert9show_argsIA22_cEEvPKcS4_S4_iRKT_
                0x08001ab4       0x50 bn_bg_blocks_manager.o
                0x08001ab4                void _bn::assert::show_args<char [22]>(char const*, char const*, char const*, int, char const (&) [22])
 .text._ZNK2bn18regular_bg_map_ptr5tilesEv
                0x08001b04       0x48 bn_bg_blocks_manager.o
                0x08001b04                bn::regular_bg_map_ptr::tiles() const
 .text._ZNK2bn17affine_bg_map_ptr5tilesEv
                0x08001b4c       0x48 bn_bg_blocks_manager.o
                0x08001b4c                bn::affine_bg_map_ptr::tiles() const
 .text._ZNK2bn18regular_bg_map_ptr3bppEv
                0x08001b94       0x4c bn_bg_blocks_manager.o
                0x08001b94                bn::regular_bg_map_ptr::bpp() const
 .text._ZN2bn17bg_blocks_manager21update_affine_map_rowEiii
                0x08001be0      0x104 bn_bg_blocks_manager.o
                0x08001be0                bn::bg_blocks_manager::update_affine_map_row(int, int, int)
 .text._ZN2bn17bg_blocks_manager23set_affine_map_positionEiii
                0x08001ce4      0x1c4 bn_bg_blocks_manager.o
                0x08001ce4                bn::bg_blocks_manager::set_affine_map_position(int, int, int)
 .text._ZN2bn17bg_blocks_manager21update_affine_map_colEiii
                0x08001ea8      0x224 bn_bg_blocks_manager.o
                0x08001ea8                bn::bg_blocks_manager::update_affine_map_col(int, int, int)
 .text._ZN2bn17bg_blocks_manager22update_regular_map_colEiii
                0x080020cc      0x174 bn_bg_blocks_manager.o
                0x080020cc                bn::bg_blocks_manager::update_regular_map_col(int, int, int)
 .text._ZN2bn17bg_blocks_manager22update_regular_map_rowEiii
                0x08002240      0x14c bn_bg_blocks_manager.o
                0x08002240                bn::bg_blocks_manager::update_regular_map_row(int, int, int)
 .text._ZN2bn17bg_blocks_manager24set_regular_map_positionEiii
                0x0800238c      0x1d4 bn_bg_blocks_manager.o
                0x0800238c                bn::bg_blocks_manager::set_regular_map_position(int, int, int)
 .text._ZN2bn17bg_blocks_manager12_GLOBAL__N_112_commit_itemERKNS1_9item_typeE
                0x08002560      0x2b8 bn_bg_blocks_manager.o
 .text._ZN2bn17bg_blocks_manager6commitEv
                0x08002818       0x40 bn_bg_blocks_manager.o
                0x08002818                bn::bg_blocks_manager::commit()
 .text._ZN2bn17bg_blocks_manager21set_regular_map_tilesEiONS_20regular_bg_tiles_ptrE
                0x08002858      0x25c bn_bg_blocks_manager.o
                0x08002858                bn::bg_blocks_manager::set_regular_map_tiles(int, bn::regular_bg_tiles_ptr&&)
 .text._ZN2bn17bg_blocks_manager23set_regular_map_paletteEiONS_14bg_palette_ptrE
                0x08002ab4      0x224 bn_bg_blocks_manager.o
                0x08002ab4                bn::bg_blocks_manager::set_regular_map_palette(int, bn::bg_palette_ptr&&)
 .text._ZN3_bn6assert9show_argsIJA34_ciA4_ciEEEvPKcS5_S5_iDpRKT_
                0x08002cd8       0x5c bn_bg_blocks_manager.o
                0x08002cd8                void _bn::assert::show_args<char [34], int, char [4], int>(char const*, char const*, char const*, int, char const (&) [34], int const&, char const (&) [4], int const&)
 .text._ZN3_bn6assert9show_argsIJA38_ciA4_ciEEEvPKcS5_S5_iDpRKT_
                0x08002d34       0x5c bn_bg_blocks_manager.o
                0x08002d34                void _bn::assert::show_args<char [38], int, char [4], int>(char const*, char const*, char const*, int, char const (&) [38], int const&, char const (&) [4], int const&)
 .text._ZN3_bn6assert9show_argsIJA32_cA15_cPKtA16_ciA17_ciA34_cN2bn11string_viewEEEEvPKcSC_SC_iDpRKT_
                0x08002d90       0x94 bn_bg_blocks_manager.o
                0x08002d90                void _bn::assert::show_args<char [32], char [15], unsigned short const*, char [16], int, char [17], int, char [34], bn::string_view>(char const*, char const*, char const*, int, char const (&) [32], char const (&) [15], unsigned short const* const&, char const (&) [16], int const&, char const (&) [17], int const&, char const (&) [34], bn::string_view const&)
 .text._ZN3_bn6assert9show_argsIA26_cEEvPKcS4_S4_iRKT_
                0x08002e24       0x50 bn_bg_blocks_manager.o
                0x08002e24                void _bn::assert::show_args<char [26]>(char const*, char const*, char const*, int, char const (&) [26])
 .text._ZN3_bn6assert9show_argsIA46_cEEvPKcS4_S4_iRKT_
                0x08002e74       0x50 bn_bg_blocks_manager.o
                0x08002e74                void _bn::assert::show_args<char [46]>(char const*, char const*, char const*, int, char const (&) [46])
 .text._ZN3_bn6assert9show_argsIJA30_cA13_cPKtA14_ciA15_ciA17_ciA34_cN2bn11string_viewEEEEvPKcSD_SD_iDpRKT_
                0x08002ec4       0xa8 bn_bg_blocks_manager.o
                0x08002ec4                void _bn::assert::show_args<char [30], char [13], unsigned short const*, char [14], int, char [15], int, char [17], int, char [34], bn::string_view>(char const*, char const*, char const*, int, char const (&) [30], char const (&) [13], unsigned short const* const&, char const (&) [14], int const&, char const (&) [15], int const&, char const (&) [17], int const&, char const (&) [34], bn::string_view const&)
 .text._ZN3_bn6assert9show_argsIA31_cEEvPKcS4_S4_iRKT_
                0x08002f6c       0x50 bn_bg_blocks_manager.o
                0x08002f6c                void _bn::assert::show_args<char [31]>(char const*, char const*, char const*, int, char const (&) [31])
 .text._ZN3_bn6assert9show_argsIA17_cEEvPKcS4_S4_iRKT_
                0x08002fbc       0x50 bn_bg_blocks_manager.o
                0x08002fbc                void _bn::assert::show_args<char [17]>(char const*, char const*, char const*, int, char const (&) [17])
 .text._ZN3_bn6assert9show_argsIJA37_ciA4_ciEEEvPKcS5_S5_iDpRKT_
                0x0800300c       0x5c bn_bg_blocks_manager.o
                0x0800300c                void _bn::assert::show_args<char [37], int, char [4], int>(char const*, char const*, char const*, int, char const (&) [37], int const&, char const (&) [4], int const&)
 .text._ZN2bn17bg_blocks_manager33set_regular_map_tiles_and_paletteEiONS_20regular_bg_tiles_ptrEONS_14bg_palette_ptrE
                0x08003068      0x2e8 bn_bg_blocks_manager.o
                0x08003068                bn::bg_blocks_manager::set_regular_map_tiles_and_palette(int, bn::regular_bg_tiles_ptr&&, bn::bg_palette_ptr&&)
 .text._ZN2bn17bg_blocks_manager12_GLOBAL__N_122_find_regular_map_implERKNS_19regular_bg_map_itemERKNS_20regular_bg_tiles_ptrERKNS_14bg_palette_ptrE
                0x08003350      0x380 bn_bg_blocks_manager.o
 .text._ZN3_bn6assert9show_argsIA39_ciEEvPKcS4_S4_iRKT_RKT0_
                0x080036d0       0x58 bn_bg_blocks_manager.o
                0x080036d0                void _bn::assert::show_args<char [39], int>(char const*, char const*, char const*, int, char const (&) [39], int const&)
 .text._ZN3_bn6assert9show_argsIA25_ciEEvPKcS4_S4_iRKT_RKT0_
                0x08003728       0x58 bn_bg_blocks_manager.o
                0x08003728                void _bn::assert::show_args<char [25], int>(char const*, char const*, char const*, int, char const (&) [25], int const&)
 .text._ZN2bn14iunordered_mapIPKviNS_17bg_blocks_manager12_GLOBAL__N_115identity_hasherENS_8equal_toIS2_EEE5eraseERKNS8_14const_iteratorE.constprop.0.isra.0
                0x08003780      0x1a4 bn_bg_blocks_manager.o
 .text._ZN2bn17bg_blocks_manager12_GLOBAL__N_121_remove_adjacent_itemEiRNS1_9item_typeE
                0x08003924       0xcc bn_bg_blocks_manager.o
 .text._ZN2bn17bg_blocks_manager6updateEv
                0x080039f0      0x200 bn_bg_blocks_manager.o
                0x080039f0                bn::bg_blocks_manager::update()
 .text._ZN2bn17bg_blocks_manager12_GLOBAL__N_112_create_itemEiibONS1_11create_dataE
                0x08003bf0      0x524 bn_bg_blocks_manager.o
 .text._ZN2bn17bg_blocks_manager12_GLOBAL__N_112_create_implEONS1_11create_dataE
                0x08004114      0x1fc bn_bg_blocks_manager.o
 .text._ZN2bn17bg_blocks_manager20create_regular_tilesERKNS_21regular_bg_tiles_itemEb
                0x08004310      0x148 bn_bg_blocks_manager.o
                0x08004310                bn::bg_blocks_manager::create_regular_tiles(bn::regular_bg_tiles_item const&, bool)
 .text._ZN2bn17bg_blocks_manager18create_regular_mapERKNS_19regular_bg_map_itemEONS_20regular_bg_tiles_ptrEONS_14bg_palette_ptrEb
                0x08004458      0x27c bn_bg_blocks_manager.o
                0x08004458                bn::bg_blocks_manager::create_regular_map(bn::regular_bg_map_item const&, bn::regular_bg_tiles_ptr&&, bn::bg_palette_ptr&&, bool)
 .text._ZN2bn18regular_bg_map_ptr6createERKNS_15regular_bg_itemE
                0x080046d4       0x50 bn_bg_blocks_manager.o
                0x080046d4                bn::regular_bg_map_ptr::create(bn::regular_bg_item const&)
 .text.startup._GLOBAL__sub_I__ZN2bn7bg_maps16used_cells_countEv
                0x08004724       0x98 bn_bg_blocks_manager.o
 .text.exit._GLOBAL__sub_D__ZN2bn7bg_maps16used_cells_countEv
                0x080047bc       0x50 bn_bg_blocks_manager.o
 .text._ZN2bn11bgs_manager12_GLOBAL__N_129_check_unique_regular_big_mapERNS1_9item_typeE
                0x0800480c       0x68 bn_bgs_manager.o
 .text._ZN2bn11bgs_manager12_GLOBAL__N_133_update_item_hw_affine_attributesERKNS1_9item_typeE
                0x08004874       0x48 bn_bgs_manager.o
 .text._ZN2bn13ostringstream11append_argsIiJA4_ciEEEvRKT_DpRKT0_.isra.0
                0x080048bc       0x24 bn_bgs_manager.o
 .text._ZN2bn11bgs_manager5hw_idEPv
                0x080048e0        0x8 bn_bgs_manager.o
                0x080048e0                bn::bgs_manager::hw_id(void*)
 .text._ZN2bn11bgs_manager11hw_positionEPv
                0x080048e8        0x4 bn_bgs_manager.o
                0x080048e8                bn::bgs_manager::hw_position(void*)
 .text._ZN2bn11bgs_manager14mat_attributesEPv
                0x080048ec        0x4 bn_bgs_manager.o
                0x080048ec                bn::bgs_manager::mat_attributes(void*)
 .text._ZN2bn11bgs_manager20update_windows_flagsEPj
                0x080048f0       0x7c bn_bgs_manager.o
                0x080048f0                bn::bgs_manager::update_windows_flags(unsigned int*)
 .text._ZN2bn11bgs_manager28update_regular_map_tiles_cbbEii
                0x0800496c       0xa8 bn_bgs_manager.o
                0x0800496c                bn::bgs_manager::update_regular_map_tiles_cbb(int, int)
 .text._ZN2bn11bgs_manager30update_regular_map_palette_bppEiNS_8bpp_modeE
                0x08004a14       0xac bn_bgs_manager.o
                0x08004a14                bn::bgs_manager::update_regular_map_palette_bpp(int, bn::bpp_mode)
 .text._ZN2bn11bgs_manager36fill_hblank_effect_regular_positionsEiPKNS_7fixed_tILi12EEEPt
                0x08004ac0       0x38 bn_bgs_manager.o
                0x08004ac0                bn::bgs_manager::fill_hblank_effect_regular_positions(int, bn::fixed_t<12> const*, unsigned short*)
 .text._ZN2bn11bgs_manager45fill_hblank_effect_pivot_horizontal_positionsEPvPKNS_7fixed_tILi12EEEPj
                0x08004af8       0x24 bn_bgs_manager.o
                0x08004af8                bn::bgs_manager::fill_hblank_effect_pivot_horizontal_positions(void*, bn::fixed_t<12> const*, unsigned int*)
 .text._ZN2bn11bgs_manager43fill_hblank_effect_pivot_vertical_positionsEPvPKNS_7fixed_tILi12EEEPj
                0x08004b1c       0x24 bn_bgs_manager.o
                0x08004b1c                bn::bgs_manager::fill_hblank_effect_pivot_vertical_positions(void*, bn::fixed_t<12> const*, unsigned int*)
 .text._ZN2bn11bgs_manager6commitEb
                0x08004b40       0x58 bn_bgs_manager.o
                0x08004b40                bn::bgs_manager::commit(bool)
 .text._ZN2bn11bgs_manager4stopEv
                0x08004b98       0x28 bn_bgs_manager.o
                0x08004b98                bn::bgs_manager::stop()
 .text._ZN3_bn6assert9show_argsIA17_ciEEvPKcS4_S4_iRKT_RKT0_
                0x08004bc0       0x58 bn_bgs_manager.o
                0x08004bc0                void _bn::assert::show_args<char [17], int>(char const*, char const*, char const*, int, char const (&) [17], int const&)
 .text._ZN3_bn6assert9show_argsIA30_cEEvPKcS4_S4_iRKT_
                0x08004c18       0x50 bn_bgs_manager.o
                0x08004c18                void _bn::assert::show_args<char [30]>(char const*, char const*, char const*, int, char const (&) [30])
 .text._ZN3_bn6assert9show_argsIJA60_ciA4_ciEEEvPKcS5_S5_iDpRKT_
                0x08004c68       0x5c bn_bgs_manager.o
                0x08004c68                void _bn::assert::show_args<char [60], int, char [4], int>(char const*, char const*, char const*, int, char const (&) [60], int const&, char const (&) [4], int const&)
 .text._ZN3_bn6assert9show_argsIJA59_ciA4_ciEEEvPKcS5_S5_iDpRKT_
                0x08004cc4       0x5c bn_bgs_manager.o
                0x08004cc4                void _bn::assert::show_args<char [59], int, char [4], int>(char const*, char const*, char const*, int, char const (&) [59], int const&, char const (&) [4], int const&)
 .text._ZN3_bn6assert9show_argsIJA57_ciA4_ciEEEvPKcS5_S5_iDpRKT_
                0x08004d20       0x5c bn_bgs_manager.o
                0x08004d20                void _bn::assert::show_args<char [57], int, char [4], int>(char const*, char const*, char const*, int, char const (&) [57], int const&, char const (&) [4], int const&)
 .text._ZN2bn11bgs_manager14update_camerasEv
                0x08004d7c      0x2b4 bn_bgs_manager.o
                0x08004d7c                bn::bgs_manager::update_cameras()
 .text._ZN3_bn6assert9show_argsIA27_cEEvPKcS4_S4_iRKT_
                0x08005030       0x50 bn_bgs_manager.o
                0x08005030                void _bn::assert::show_args<char [27]>(char const*, char const*, char const*, int, char const (&) [27])
 .text._ZN2bn11bgs_manager15rebuild_handlesEv.part.0
                0x08005080      0x198 bn_bgs_manager.o
 .text._ZN2bn18regular_bg_builder11release_mapEv
                0x08005218       0x78 bn_bgs_manager.o
                0x08005218                bn::regular_bg_builder::release_map()
 .text._ZN2bn11bgs_manager37fill_hblank_effect_regular_attributesEPvPKNS_21regular_bg_attributesEPt
                0x08005290      0x100 bn_bgs_manager.o
                0x08005290                bn::bgs_manager::fill_hblank_effect_regular_attributes(void*, bn::regular_bg_attributes const*, unsigned short*)
 .text._ZN2bn11bgs_manager6updateEv
                0x08005390      0x1d0 bn_bgs_manager.o
                0x08005390                bn::bgs_manager::update()
 .text._ZN2bn11bgs_manager15commit_big_mapsEv
                0x08005560      0x1d4 bn_bgs_manager.o
                0x08005560                bn::bgs_manager::commit_big_maps()
 .text._ZN2bn11bgs_manager36fill_hblank_effect_affine_attributesEPvPKNS_20affine_bg_attributesEPt
                0x08005734      0x104 bn_bgs_manager.o
                0x08005734                bn::bgs_manager::fill_hblank_effect_affine_attributes(void*, bn::affine_bg_attributes const*, unsigned short*)
 .text._ZN2bn11bgs_manager12_GLOBAL__N_19item_type18update_regular_mapEv
                0x08005838      0x230 bn_bgs_manager.o
 .text._ZN2bn11bgs_manager10affine_mapEPv
                0x08005a68       0x34 bn_bgs_manager.o
                0x08005a68                bn::bgs_manager::affine_map(void*)
 .text._ZN2bn11bgs_manager11regular_mapEPv
                0x08005a9c       0x34 bn_bgs_manager.o
                0x08005a9c                bn::bgs_manager::regular_map(void*)
 .text._ZN3_bn6assert9show_argsIA15_cEEvPKcS4_S4_iRKT_
                0x08005ad0       0x50 bn_bgs_manager.o
                0x08005ad0                void _bn::assert::show_args<char [15]>(char const*, char const*, char const*, int, char const (&) [15])
 .text._ZN2bn11bgs_manager12_GLOBAL__N_112_insert_itemERNS1_9item_typeE
                0x08005b20      0x10c bn_bgs_manager.o
 .text._ZN3_bn6assert9show_argsIA13_cEEvPKcS4_S4_iRKT_
                0x08005c2c       0x50 bn_bgs_manager.o
                0x08005c2c                void _bn::assert::show_args<char [13]>(char const*, char const*, char const*, int, char const (&) [13])
 .text._ZN2bn11bgs_manager6createEONS_18regular_bg_builderE
                0x08005c7c      0x1d4 bn_bgs_manager.o
                0x08005c7c                bn::bgs_manager::create(bn::regular_bg_builder&&)
 .text._ZNK2bn15regular_bg_item9create_bgENS_7fixed_tILi12EEES2_
                0x08005e50       0x74 bn_bgs_manager.o
                0x08005e50                bn::regular_bg_item::create_bg(bn::fixed_t<12>, bn::fixed_t<12>) const
 .text.startup._GLOBAL__sub_I__ZN2bn3bgs16used_items_countEv
                0x08005ec4       0x80 bn_bgs_manager.o
 .text.exit._GLOBAL__sub_D__ZN2bn3bgs16used_items_countEv
                0x08005f44       0x14 bn_bgs_manager.o
 .text._ZN2bn10camera_ptrD2Ev
                0x08005f58       0x38 bn_cameras_manager.o
                0x08005f58                bn::camera_ptr::~camera_ptr()
                0x08005f58                bn::camera_ptr::~camera_ptr()
 .text._ZNK2bn10camera_ptr8positionEv
                0x08005f90       0x14 bn_cameras_manager.o
                0x08005f90                bn::camera_ptr::position() const
 .text._ZN2bn15cameras_manager4initEv
                0x08005fa4       0x10 bn_cameras_manager.o
                0x08005fa4                bn::cameras_manager::init()
 .text._ZN2bn15cameras_manager6updateEv
                0x08005fb4       0x28 bn_cameras_manager.o
                0x08005fb4                bn::cameras_manager::update()
 .text._ZN2bn4core12_GLOBAL__N_14stopEb.constprop.0
                0x08005fdc       0x54 bn_core.o
 .text._ZN2bn4core12_GLOBAL__N_111update_implEv
                0x08006030       0xd8 bn_core.o
 .text._ZN2bn11string_viewC2EPKc
                0x08006108       0x1c bn_core.o
                0x08006108                bn::string_view::string_view(char const*)
                0x08006108                bn::string_view::string_view(char const*)
 .text._ZN2bn4core6updateEv
                0x08006124       0x68 bn_core.o
                0x08006124                bn::core::update()
 .text._ZN2bn4core4initERKNS_11string_viewE
                0x0800618c       0x94 bn_core.o
                0x0800618c                bn::core::init(bn::string_view const&)
 .text._ZN2bn4core4initEv
                0x08006220       0x18 bn_core.o
                0x08006220                bn::core::init()
 .text._ZN2bn4core9on_vblankEv
                0x08006238       0x2c bn_core.o
                0x08006238                bn::core::on_vblank()
 .text._ZN3_bn6assert4showEPKcS2_S2_iRKN2bn12istring_baseE
                0x08006264       0x80 bn_core.o
                0x08006264                _bn::assert::show(char const*, char const*, char const*, int, bn::istring_base const&)
 .text.startup._GLOBAL__sub_I__ZN2bn4core4initEv
                0x080062e4       0x44 bn_core.o
 .text._ZN2bn15display_manager12_GLOBAL__N_134_update_rect_windows_hw_boundariesEi
                0x08006328       0x8c bn_display_manager.o
 .text._ZN2bn15display_manager4initEv
                0x080063b4       0x40 bn_display_manager.o
                0x080063b4                bn::display_manager::init()
 .text._ZN2bn15display_manager8set_modeEi
                0x080063f4       0x1c bn_display_manager.o
                0x080063f4                bn::display_manager::set_mode(int)
 .text._ZN2bn15display_manager14set_bg_enabledEib
                0x08006410       0x1c bn_display_manager.o
                0x08006410                bn::display_manager::set_bg_enabled(int, bool)
 .text._ZN2bn15display_manager15disable_all_bgsEv
                0x0800642c       0x18 bn_display_manager.o
                0x0800642c                bn::display_manager::disable_all_bgs()
 .text._ZN2bn15display_manager36fill_mosaic_hblank_effect_attributesEPKNS_17mosaic_attributesEPt
                0x08006444       0xb4 bn_display_manager.o
                0x08006444                bn::display_manager::fill_mosaic_hblank_effect_attributes(bn::mosaic_attributes const*, unsigned short*)
 .text._ZN2bn15display_manager23set_blending_bg_enabledEib
                0x080064f8       0x14 bn_display_manager.o
                0x080064f8                bn::display_manager::set_blending_bg_enabled(int, bool)
 .text._ZN2bn15display_manager32blending_transparency_top_weightEv
                0x0800650c       0x18 bn_display_manager.o
                0x0800650c                bn::display_manager::blending_transparency_top_weight()
 .text._ZN2bn15display_manager35blending_transparency_bottom_weightEv
                0x08006524       0x28 bn_display_manager.o
                0x08006524                bn::display_manager::blending_transparency_bottom_weight()
 .text._ZN2bn15display_manager51fill_blending_transparency_hblank_effect_attributesEPKNS_32blending_transparency_attributesEPt
                0x0800654c       0x30 bn_display_manager.o
                0x0800654c                bn::display_manager::fill_blending_transparency_hblank_effect_attributes(bn::blending_transparency_attributes const*, unsigned short*)
 .text._ZN2bn15display_manager21blending_fade_enabledEv
                0x0800657c       0x10 bn_display_manager.o
                0x0800657c                bn::display_manager::blending_fade_enabled()
 .text._ZN2bn15display_manager39fill_blending_fade_hblank_effect_alphasEPKNS_19blending_fade_alphaEPt
                0x0800658c       0x24 bn_display_manager.o
                0x0800658c                bn::display_manager::fill_blending_fade_hblank_effect_alphas(bn::blending_fade_alpha const*, unsigned short*)
 .text._ZN2bn15display_manager26update_windows_visible_bgsEv
                0x080065b0       0x10 bn_display_manager.o
                0x080065b0                bn::display_manager::update_windows_visible_bgs()
 .text._ZN2bn15display_manager36rect_window_hw_horizontal_boundariesEi
                0x080065c0       0x14 bn_display_manager.o
                0x080065c0                bn::display_manager::rect_window_hw_horizontal_boundaries(int)
 .text._ZN2bn15display_manager34rect_window_hw_vertical_boundariesEi
                0x080065d4       0x14 bn_display_manager.o
                0x080065d4                bn::display_manager::rect_window_hw_vertical_boundaries(int)
 .text._ZN2bn15display_manager52fill_rect_window_hblank_effect_horizontal_boundariesERKNS_4pairIiiEEPKNS1_INS_7fixed_tILi12EEES6_EEPt
                0x080065e8      0x13c bn_display_manager.o
                0x080065e8                bn::display_manager::fill_rect_window_hblank_effect_horizontal_boundaries(bn::pair<int, int> const&, bn::pair<bn::fixed_t<12>, bn::fixed_t<12> > const*, unsigned short*)
 .text._ZN2bn15display_manager50fill_rect_window_hblank_effect_vertical_boundariesERKNS_4pairIiiEEPKNS1_INS_7fixed_tILi12EEES6_EEPt
                0x08006724      0x13c bn_display_manager.o
                0x08006724                bn::display_manager::fill_rect_window_hblank_effect_vertical_boundaries(bn::pair<int, int> const&, bn::pair<bn::fixed_t<12>, bn::fixed_t<12> > const*, unsigned short*)
 .text._ZN2bn15display_manager36fill_green_swap_hblank_effect_statesEPKbPt
                0x08006860       0x38 bn_display_manager.o
                0x08006860                bn::display_manager::fill_green_swap_hblank_effect_states(bool const*, unsigned short*)
 .text._ZN2bn15display_manager14update_camerasEv
                0x08006898       0x40 bn_display_manager.o
                0x08006898                bn::display_manager::update_cameras()
 .text._ZN2bn15display_manager6updateEv
                0x080068d8      0x218 bn_display_manager.o
                0x080068d8                bn::display_manager::update()
 .text._ZN2bn15display_manager6commitEv
                0x08006af0      0x164 bn_display_manager.o
                0x08006af0                bn::display_manager::commit()
 .text._ZN2bn15display_manager4stopEv
                0x08006c54       0x28 bn_display_manager.o
                0x08006c54                bn::display_manager::stop()
 .text._ZN3_bn6assert9show_argsIA66_cEEvPKcS4_S4_iRKT_
                0x08006c7c       0x50 bn_display_manager.o
                0x08006c7c                void _bn::assert::show_args<char [66]>(char const*, char const*, char const*, int, char const (&) [66])
 .text.startup._GLOBAL__sub_I__ZNK2bn6window7show_bgERKNS_14regular_bg_ptrE
                0x08006ccc       0x7c bn_display_manager.o
 .text.exit._GLOBAL__sub_D__ZNK2bn6window7show_bgERKNS_14regular_bg_ptrE
                0x08006d48       0x38 bn_display_manager.o
 .text._ZN2bn18igeneric_pool_baseC2EPci
                0x08006d80       0x10 bn_generic_pool.o
                0x08006d80                bn::igeneric_pool_base::igeneric_pool_base(char*, int)
                0x08006d80                bn::igeneric_pool_base::igeneric_pool_base(char*, int)
 .text._ZN2bn18igeneric_pool_base5_freeEPc
                0x08006d90       0x10 bn_generic_pool.o
                0x08006d90                bn::igeneric_pool_base::_free(char*)
 .text._ZN3_bn6assert9show_argsIA18_cEEvPKcS4_S4_iRKT_
                0x08006da0       0x50 bn_generic_pool.o
                0x08006da0                void _bn::assert::show_args<char [18]>(char const*, char const*, char const*, int, char const (&) [18])
 .text._ZN2bn18igeneric_pool_baseD2Ev
                0x08006df0       0x30 bn_generic_pool.o
                0x08006df0                bn::igeneric_pool_base::~igeneric_pool_base()
                0x08006df0                bn::igeneric_pool_base::~igeneric_pool_base()
 .text._ZN2bn18igeneric_pool_base9_allocateEv
                0x08006e20       0x48 bn_generic_pool.o
                0x08006e20                bn::igeneric_pool_base::_allocate()
 .text._ZN2bn12gpio_manager6commitEv
                0x08006e68       0x48 bn_gpio_manager.o
                0x08006e68                bn::gpio_manager::commit()
 .text._ZN2bn12gpio_manager4stopEv
                0x08006eb0       0x3c bn_gpio_manager.o
                0x08006eb0                bn::gpio_manager::stop()
 .text._ZN2bn22hblank_effects_manager12_GLOBAL__N_19item_type18_output_values_ptrEv
                0x08006eec       0x40 bn_hblank_effects_manager.o
 .text._ZN2bn22hblank_effects_manager7disableEv
                0x08006f2c       0x24 bn_hblank_effects_manager.o
                0x08006f2c                bn::hblank_effects_manager::disable()
 .text._ZN2bn22hblank_effects_manager6commitEv
                0x08006f50       0x74 bn_hblank_effects_manager.o
                0x08006f50                bn::hblank_effects_manager::commit()
 .text._ZN2bn22hblank_effects_manager12_GLOBAL__N_110_is_uint32ENS0_12handler_typeE
                0x08006fc4       0x64 bn_hblank_effects_manager.o
 .text._ZN2bn22hblank_effects_manager12_GLOBAL__N_19item_type12check_updateEv
                0x08007028     0x15f8 bn_hblank_effects_manager.o
 .text._ZN2bn22hblank_effects_manager6updateEv
                0x08008620      0x1ec bn_hblank_effects_manager.o
                0x08008620                bn::hblank_effects_manager::update()
 .text._ZN2bn22hblank_effects_manager4initEv
                0x0800880c       0xd4 bn_hblank_effects_manager.o
                0x0800880c                bn::hblank_effects_manager::init()
 .text.startup._GLOBAL__sub_I__ZN2bn4hbes10used_countEv
                0x080088e0       0xe8 bn_hblank_effects_manager.o
 .text._ZN2bn12hdma_manager7disableEv
                0x080089c8       0x30 bn_hdma_manager.o
                0x080089c8                bn::hdma_manager::disable()
 .text._ZN2bn12hdma_manager10force_stopEv
                0x080089f8       0x3c bn_hdma_manager.o
                0x080089f8                bn::hdma_manager::force_stop()
 .text._ZN2bn12hdma_manager6updateEv
                0x08008a34       0x6c bn_hdma_manager.o
                0x08008a34                bn::hdma_manager::update()
 .text._ZN2bn12hdma_manager6commitEb
                0x08008aa0      0x118 bn_hdma_manager.o
                0x08008aa0                bn::hdma_manager::commit(bool)
 .text.startup._GLOBAL__sub_I__ZN2bn4hdma7runningEv
                0x08008bb8       0x34 bn_hdma_manager.o
 .text._ZN2bn14keypad_manager4stopEv
                0x08008bec        0x4 bn_keypad_manager.o
                0x08008bec                bn::keypad_manager::stop()
 .text._ZN3_bn6assert9show_argsIJA19_ciA4_ciEEEvPKcS5_S5_iDpRKT_
                0x08008bf0       0x6c bn_keypad_manager.o
                0x08008bf0                void _bn::assert::show_args<char [19], int, char [4], int>(char const*, char const*, char const*, int, char const (&) [19], int const&, char const (&) [4], int const&)
 .text._ZN2bn14keypad_manager6updateEv
                0x08008c5c       0xa8 bn_keypad_manager.o
                0x08008c5c                bn::keypad_manager::update()
 .text._ZN3_bn6assert9show_argsIA24_ciEEvPKcS4_S4_iRKT_RKT0_
                0x08008d04       0x58 bn_keypad_manager.o
                0x08008d04                void _bn::assert::show_args<char [24], int>(char const*, char const*, char const*, int, char const (&) [24], int const&)
 .text._ZN2bn14keypad_manager4initERKNS_11string_viewE
                0x08008d5c       0x58 bn_keypad_manager.o
                0x08008d5c                bn::keypad_manager::init(bn::string_view const&)
 .text._ZN3_bn6assert9show_argsIA16_cEEvPKcS4_S4_iRKT_
                0x08008db4       0x50 bn_keypad_manager.o
                0x08008db4                void _bn::assert::show_args<char [16]>(char const*, char const*, char const*, int, char const (&) [16])
 .text._ZN2bn12link_manager4initEv
                0x08008e04        0xc bn_link_manager.o
                0x08008e04                bn::link_manager::init()
 .text._ZN2bn12link_manager6activeEv
                0x08008e10        0xc bn_link_manager.o
                0x08008e10                bn::link_manager::active()
 .text._ZN2bn12link_manager7disableEv
                0x08008e1c       0x18 bn_link_manager.o
                0x08008e1c                bn::link_manager::disable()
 .text._ZN2bn3logERKNS_12istring_baseE
                0x08008e34        0xc bn_log.o
                0x08008e34                bn::log(bn::istring_base const&)
 .text._ZN2bn4freeEPv
                0x08008e40       0x18 bn_memory_manager.o
                0x08008e40                bn::free(void*)
 .text._ZN2bn14memory_manager4initEv
                0x08008e58       0x20 bn_memory_manager.o
                0x08008e58                bn::memory_manager::init()
 .text.exit._GLOBAL__sub_D__Znwj
                0x08008e78       0x14 bn_memory_manager.o
 .text._ZN2bn2hw8palettes9grayscaleEPKNS_5colorEiiPS2_.part.0
                0x08008e8c       0x40 bn_palettes_manager.o
 .text._ZN2bn14bg_palette_ptrC2ERKS0_
                0x08008ecc       0x2c bn_palettes_manager.o
                0x08008ecc                bn::bg_palette_ptr::bg_palette_ptr(bn::bg_palette_ptr const&)
                0x08008ecc                bn::bg_palette_ptr::bg_palette_ptr(bn::bg_palette_ptr const&)
 .text._ZNK2bn14bg_palette_ptr3bppEv
                0x08008ef8       0x20 bn_palettes_manager.o
                0x08008ef8                bn::bg_palette_ptr::bpp() const
 .text._ZNK2bn18sprite_palette_ptr3bppEv
                0x08008f18       0x1c bn_palettes_manager.o
                0x08008f18                bn::sprite_palette_ptr::bpp() const
 .text._ZNK2bn13palettes_bank10log_statusEv
                0x08008f34      0x178 bn_palettes_manager.o
                0x08008f34                bn::palettes_bank::log_status() const
 .text._ZNK2bn13palettes_bank20retrieve_commit_dataEv
                0x080090ac       0x4c bn_palettes_manager.o
                0x080090ac                bn::palettes_bank::retrieve_commit_data() const
 .text._ZNK2bn13palettes_bank12_same_colorsERKNS_4spanIKNS_5colorEEEi
                0x080090f8       0x50 bn_palettes_manager.o
                0x080090f8                bn::palettes_bank::_same_colors(bn::span<bn::color const> const&, int) const
 .text._ZN2bn13palettes_bank10find_bpp_4ERKNS_4spanIKNS_5colorEEEt
                0x08009148       0xdc bn_palettes_manager.o
                0x08009148                bn::palettes_bank::find_bpp_4(bn::span<bn::color const> const&, unsigned short)
 .text._ZNK2bn13palettes_bank21_apply_global_effectsEiPNS_5colorE
                0x08009224      0x13c bn_palettes_manager.o
                0x08009224                bn::palettes_bank::_apply_global_effects(int, bn::color*) const
 .text._ZNK2bn13palettes_bank25fill_hblank_effect_colorsEPKNS_5colorEPt
                0x08009360       0x30 bn_palettes_manager.o
                0x08009360                bn::palettes_bank::fill_hblank_effect_colors(bn::color const*, unsigned short*) const
 .text._ZNK2bn13palettes_bank7palette13apply_effectsEiPNS_5colorE
                0x08009390       0xbc bn_palettes_manager.o
                0x08009390                bn::palettes_bank::palette::apply_effects(int, bn::color*) const
 .text._ZNK2bn13palettes_bank25fill_hblank_effect_colorsEiPKNS_5colorEPt
                0x0800944c       0x44 bn_palettes_manager.o
                0x0800944c                bn::palettes_bank::fill_hblank_effect_colors(int, bn::color const*, unsigned short*) const
 .text._ZN2bn13palettes_bank15_update_paletteEi
                0x08009490       0x6c bn_palettes_manager.o
                0x08009490                bn::palettes_bank::_update_palette(int)
 .text._ZN2bn13palettes_bank6updateEv
                0x080094fc      0x124 bn_palettes_manager.o
                0x080094fc                bn::palettes_bank::update()
 .text._ZN2bn13palettes_bankC2Ev
                0x08009620       0xcc bn_palettes_manager.o
                0x08009620                bn::palettes_bank::palettes_bank()
                0x08009620                bn::palettes_bank::palettes_bank()
 .text._ZN2bn16palettes_manager20sprite_palettes_bankEv
                0x080096ec        0x8 bn_palettes_manager.o
                0x080096ec                bn::palettes_manager::sprite_palettes_bank()
 .text._ZN2bn16palettes_manager16bg_palettes_bankEv
                0x080096f4        0x8 bn_palettes_manager.o
                0x080096f4                bn::palettes_manager::bg_palettes_bank()
 .text._ZN2bn16palettes_manager6updateEv
                0x080096fc       0x20 bn_palettes_manager.o
                0x080096fc                bn::palettes_manager::update()
 .text._ZN2bn16palettes_manager6commitEb
                0x0800971c       0xf4 bn_palettes_manager.o
                0x0800971c                bn::palettes_manager::commit(bool)
 .text._ZN2bn16palettes_manager4stopEv
                0x08009810       0x20 bn_palettes_manager.o
                0x08009810                bn::palettes_manager::stop()
 .text._ZN3_bn6assert9show_argsIA35_cEEvPKcS4_S4_iRKT_
                0x08009830       0x50 bn_palettes_manager.o
                0x08009830                void _bn::assert::show_args<char [35]>(char const*, char const*, char const*, int, char const (&) [35])
 .text._ZN2bn13palettes_bank11colors_hashERKNS_4spanIKNS_5colorEEE
                0x08009880       0x50 bn_palettes_manager.o
                0x08009880                bn::palettes_bank::colors_hash(bn::span<bn::color const> const&)
 .text._ZN3_bn6assert9show_argsIJA43_ciA36_cA42_cEEEvPKcS6_S6_iDpRKT_
                0x080098d0       0x68 bn_palettes_manager.o
                0x080098d0                void _bn::assert::show_args<char [43], int, char [36], char [42]>(char const*, char const*, char const*, int, char const (&) [43], int const&, char const (&) [36], char const (&) [42])
 .text._ZN2bn13palettes_bank12create_bpp_8ERKNS_4spanIKNS_5colorEEENS_16compression_typeEb
                0x08009938      0x22c bn_palettes_manager.o
                0x08009938                bn::palettes_bank::create_bpp_8(bn::span<bn::color const> const&, bn::compression_type, bool)
 .text._ZNK2bn15bg_palette_item10decompressENS_4spanINS_5colorEEE
                0x08009b64      0x16c bn_palettes_manager.o
                0x08009b64                bn::bg_palette_item::decompress(bn::span<bn::color>) const
 .text._ZNK2bn19sprite_palette_item10decompressENS_4spanINS_5colorEEE
                0x08009cd0      0x16c bn_palettes_manager.o
                0x08009cd0                bn::sprite_palette_item::decompress(bn::span<bn::color>) const
 .text._ZN2bn13palettes_bank12create_bpp_4ERKNS_4spanIKNS_5colorEEEtb
                0x08009e3c      0x298 bn_palettes_manager.o
                0x08009e3c                bn::palettes_bank::create_bpp_4(bn::span<bn::color const> const&, unsigned short, bool)
 .text._ZN2bn12_GLOBAL__N_112_create_implERKNS_15bg_palette_itemEb
                0x0800a0d4       0x94 bn_palettes_manager.o
 .text._ZN2bn14bg_palette_ptr6createERKNS_15bg_palette_itemE
                0x0800a168       0x54 bn_palettes_manager.o
                0x0800a168                bn::bg_palette_ptr::create(bn::bg_palette_item const&)
 .text._ZNK2bn15bg_palette_item14create_paletteEv
                0x0800a1bc       0x10 bn_palettes_manager.o
                0x0800a1bc                bn::bg_palette_item::create_palette() const
 .text._ZN2bn12_GLOBAL__N_112_create_implERKNS_19sprite_palette_itemEb
                0x0800a1cc       0x7c bn_palettes_manager.o
 .text._ZNK2bn19sprite_palette_item14create_paletteEv
                0x0800a248       0x48 bn_palettes_manager.o
                0x0800a248                bn::sprite_palette_item::create_palette() const
 .text._ZN2bn14iunordered_mapItsNS_13palettes_bank15identity_hasherENS_8equal_toItEEE5eraseERKNS5_14const_iteratorE.isra.0
                0x0800a290      0x170 bn_palettes_manager.o
 .text._ZN2bn13palettes_bank15decrease_usagesEi.part.0
                0x0800a400       0xdc bn_palettes_manager.o
 .text._ZN2bn14bg_palette_ptrD2Ev
                0x0800a4dc       0x3c bn_palettes_manager.o
                0x0800a4dc                bn::bg_palette_ptr::~bg_palette_ptr()
                0x0800a4dc                bn::bg_palette_ptr::~bg_palette_ptr()
 .text._ZN2bn18sprite_palette_ptrD2Ev
                0x0800a518       0x30 bn_palettes_manager.o
                0x0800a518                bn::sprite_palette_ptr::~sprite_palette_ptr()
                0x0800a518                bn::sprite_palette_ptr::~sprite_palette_ptr()
 .text._ZN2bn14bg_palette_ptraSERKS0_
                0x0800a548       0x5c bn_palettes_manager.o
                0x0800a548                bn::bg_palette_ptr::operator=(bn::bg_palette_ptr const&)
 .text.startup._GLOBAL__sub_I__ZN2bn11bg_palettes17used_colors_countEv
                0x0800a5a4       0x20 bn_palettes_manager.o
 .text._ZNK2bn21sprite_affine_mat_ptr15horizontal_flipEv
                0x0800a5c4       0x18 bn_sprite_affine_mats_manager.o
                0x0800a5c4                bn::sprite_affine_mat_ptr::horizontal_flip() const
 .text._ZN2bn21sprite_affine_mat_ptr19set_horizontal_flipEb
                0x0800a5dc       0x90 bn_sprite_affine_mats_manager.o
                0x0800a5dc                bn::sprite_affine_mat_ptr::set_horizontal_flip(bool)
 .text._ZNK2bn21sprite_affine_mat_ptr13vertical_flipEv
                0x0800a66c       0x18 bn_sprite_affine_mats_manager.o
                0x0800a66c                bn::sprite_affine_mat_ptr::vertical_flip() const
 .text._ZN2bn26sprite_affine_mats_manager20retrieve_commit_dataEv
                0x0800a684       0x38 bn_sprite_affine_mats_manager.o
                0x0800a684                bn::sprite_affine_mats_manager::retrieve_commit_data()
 .text._ZN3_bn6assert9show_argsIA37_cEEvPKcS4_S4_iRKT_
                0x0800a6bc       0x50 bn_sprite_affine_mats_manager.o
                0x0800a6bc                void _bn::assert::show_args<char [37]>(char const*, char const*, char const*, int, char const (&) [37])
 .text._ZN2bn26sprite_affine_mats_manager15decrease_usagesEi.part.0
                0x0800a70c       0x68 bn_sprite_affine_mats_manager.o
 .text._ZN2bn21sprite_affine_mat_ptrD2Ev
                0x0800a774       0x34 bn_sprite_affine_mats_manager.o
                0x0800a774                bn::sprite_affine_mat_ptr::~sprite_affine_mat_ptr()
                0x0800a774                bn::sprite_affine_mat_ptr::~sprite_affine_mat_ptr()
 .text._ZN2bn26sprite_affine_mats_manager6updateEv
                0x0800a7a8       0xa0 bn_sprite_affine_mats_manager.o
                0x0800a7a8                bn::sprite_affine_mats_manager::update()
 .text._ZN2bn26sprite_affine_mats_manager4initEPv
                0x0800a848       0x6c bn_sprite_affine_mats_manager.o
                0x0800a848                bn::sprite_affine_mats_manager::init(void*)
 .text._ZN2bn26sprite_affine_mats_manager14dettach_spriteEiRNS_24intrusive_list_node_typeE
                0x0800a8b4       0x50 bn_sprite_affine_mats_manager.o
                0x0800a8b4                bn::sprite_affine_mats_manager::dettach_sprite(int, bn::intrusive_list_node_type&)
 .text.startup._GLOBAL__sub_I__ZN2bn18sprite_affine_mats10used_countEv
                0x0800a904       0x98 bn_sprite_affine_mats_manager.o
 .text.exit._GLOBAL__sub_D__ZN2bn18sprite_affine_mats10used_countEv
                0x0800a99c       0x3c bn_sprite_affine_mats_manager.o
 .text._ZN3_bn6assert9show_argsIA54_cEEvPKcS4_S4_iRKT_
                0x0800a9d8       0x50 bn_sprite_text_generator.o
                0x0800a9d8                void _bn::assert::show_args<char [54]>(char const*, char const*, char const*, int, char const (&) [54])
 .text._ZNK2bn16sprite_tiles_ptr2idEv
                0x0800aa28       0x18 bn_sprite_tiles_manager.o
                0x0800aa28                bn::sprite_tiles_ptr::id() const
 .text._ZNK2bn16sprite_tiles_ptr11tiles_countEv
                0x0800aa40       0x18 bn_sprite_tiles_manager.o
                0x0800aa40                bn::sprite_tiles_ptr::tiles_count() const
 .text._ZN2bn20sprite_tiles_manager10log_statusEv
                0x0800aa58      0x1ec bn_sprite_tiles_manager.o
                0x0800aa58                bn::sprite_tiles_manager::log_status()
 .text._ZN2bn20sprite_tiles_manager19commit_uncompressedEb
                0x0800ac44       0xdc bn_sprite_tiles_manager.o
                0x0800ac44                bn::sprite_tiles_manager::commit_uncompressed(bool)
 .text._ZN2bn20sprite_tiles_manager17commit_compressedEv
                0x0800ad20       0xe4 bn_sprite_tiles_manager.o
                0x0800ad20                bn::sprite_tiles_manager::commit_compressed()
 .text._ZN3_bn6assert9show_argsIJA44_cPKN2bn4tileEA4_cS6_EEEvPKcS9_S9_iDpRKT_
                0x0800ae04       0x6c bn_sprite_tiles_manager.o
                0x0800ae04                void _bn::assert::show_args<char [44], bn::tile const*, char [4], bn::tile const*>(char const*, char const*, char const*, int, char const (&) [44], bn::tile const* const&, char const (&) [4], bn::tile const* const&)
 .text._ZN3_bn6assert9show_argsIJA46_ciA4_cjEEEvPKcS5_S5_iDpRKT_
                0x0800ae70       0x6c bn_sprite_tiles_manager.o
                0x0800ae70                void _bn::assert::show_args<char [46], int, char [4], unsigned int>(char const*, char const*, char const*, int, char const (&) [46], int const&, char const (&) [4], unsigned int const&)
 .text._ZN3_bn6assert9show_argsIJA28_cA15_cPKN2bn4tileEA16_ciA34_cNS4_11string_viewEEEEvPKcSC_SC_iDpRKT_
                0x0800aedc       0x84 bn_sprite_tiles_manager.o
                0x0800aedc                void _bn::assert::show_args<char [28], char [15], bn::tile const*, char [16], int, char [34], bn::string_view>(char const*, char const*, char const*, int, char const (&) [28], char const (&) [15], bn::tile const* const&, char const (&) [16], int const&, char const (&) [34], bn::string_view const&)
 .text._ZN2bn20sprite_tiles_manager4initEv
                0x0800af60       0xf4 bn_sprite_tiles_manager.o
                0x0800af60                bn::sprite_tiles_manager::init()
 .text._ZN2bn20sprite_tiles_manager12_GLOBAL__N_122_insert_to_commit_itemEiRNS1_9item_typeE.part.0
                0x0800b054       0x6c bn_sprite_tiles_manager.o
 .text._ZN2bn20sprite_tiles_manager12_GLOBAL__N_117_insert_free_itemEiPt
                0x0800b0c0       0xcc bn_sprite_tiles_manager.o
 .text._ZN2bn20sprite_tiles_manager12_GLOBAL__N_116_erase_free_itemEi
                0x0800b18c       0xe4 bn_sprite_tiles_manager.o
 .text._ZN2bn20sprite_tiles_manager12_GLOBAL__N_121_erase_to_commit_itemEiRNS1_9item_typeE
                0x0800b270      0x100 bn_sprite_tiles_manager.o
 .text._ZN2bn20sprite_tiles_manager15decrease_usagesEi
                0x0800b370      0x134 bn_sprite_tiles_manager.o
                0x0800b370                bn::sprite_tiles_manager::decrease_usages(int)
 .text._ZN2bn16sprite_tiles_ptrD2Ev
                0x0800b4a4       0x18 bn_sprite_tiles_manager.o
                0x0800b4a4                bn::sprite_tiles_ptr::~sprite_tiles_ptr()
                0x0800b4a4                bn::sprite_tiles_ptr::~sprite_tiles_ptr()
 .text._ZN2bn20sprite_tiles_manager12_GLOBAL__N_110_find_implEPKNS_4tileENS_16compression_typeEi
                0x0800b4bc      0x28c bn_sprite_tiles_manager.o
 .text._ZN2bn14iunordered_mapIPKNS_4tileEiNS_4hashIS3_EENS_8equal_toIS3_EEE5eraseERKNS8_14const_iteratorE.isra.0
                0x0800b748      0x178 bn_sprite_tiles_manager.o
 .text._ZN2bn20sprite_tiles_manager12_GLOBAL__N_112_create_itemEiPKNS_4tileENS_16compression_typeEib
                0x0800b8c0      0x2ec bn_sprite_tiles_manager.o
 .text._ZN2bn20sprite_tiles_manager6updateEv
                0x0800bbac      0x234 bn_sprite_tiles_manager.o
                0x0800bbac                bn::sprite_tiles_manager::update()
 .text._ZN2bn20sprite_tiles_manager12_GLOBAL__N_112_create_implEPKNS_4tileENS_16compression_typeEi
                0x0800bde0      0x200 bn_sprite_tiles_manager.o
 .text._ZN2bn20sprite_tiles_manager6createERKNS_4spanIKNS_4tileEEENS_16compression_typeE
                0x0800bfe0      0x13c bn_sprite_tiles_manager.o
                0x0800bfe0                bn::sprite_tiles_manager::create(bn::span<bn::tile const> const&, bn::compression_type)
 .text._ZNK2bn17sprite_tiles_item12create_tilesEv
                0x0800c11c       0x84 bn_sprite_tiles_manager.o
                0x0800c11c                bn::sprite_tiles_item::create_tiles() const
 .text.startup._GLOBAL__sub_I__ZN2bn12sprite_tiles16used_tiles_countEv
                0x0800c1a0      0x11c bn_sprite_tiles_manager.o
 .text._ZN2bn15sprites_manager12_GLOBAL__N_125_update_indexes_to_commitERKNS_20sprites_manager_itemE
                0x0800c2bc       0x48 bn_sprites_manager.o
 .text._ZN2bn13ostringstream11append_argsIiJA4_ciEEEvRKT_DpRKT0_.isra.0
                0x0800c304       0x24 bn_sprites_manager.o
 .text._ZN2bn15sprites_manager12_GLOBAL__N_123_update_item_dimensionsERNS_20sprites_manager_itemE
                0x0800c328       0xcc bn_sprites_manager.o
 .text._ZNK2bn10sprite_ptr1yEv
                0x0800c3f4        0x8 bn_sprites_manager.o
                0x0800c3f4                bn::sprite_ptr::y() const
 .text._ZN2bn10sprite_ptr19set_horizontal_flipEb
                0x0800c3fc       0x40 bn_sprites_manager.o
                0x0800c3fc                bn::sprite_ptr::set_horizontal_flip(bool)
 .text._ZN2bn15sprites_manager4initEv
                0x0800c43c       0x34 bn_sprites_manager.o
                0x0800c43c                bn::sprites_manager::init()
 .text._ZN2bn15sprites_manager5hw_idEPv
                0x0800c470        0x8 bn_sprites_manager.o
                0x0800c470                bn::sprites_manager::hw_id(void*)
 .text._ZN2bn15sprites_manager5shapeEPv
                0x0800c478        0x8 bn_sprites_manager.o
                0x0800c478                bn::sprites_manager::shape(void*)
 .text._ZN2bn15sprites_manager4sizeEPv
                0x0800c480        0x8 bn_sprites_manager.o
                0x0800c480                bn::sprites_manager::size(void*)
 .text._ZN2bn15sprites_manager10shape_sizeEPv
                0x0800c488       0x14 bn_sprites_manager.o
                0x0800c488                bn::sprites_manager::shape_size(void*)
 .text._ZN2bn15sprites_manager11hw_positionEPv
                0x0800c49c        0x4 bn_sprites_manager.o
                0x0800c49c                bn::sprites_manager::hw_position(void*)
 .text._ZN2bn15sprites_manager9view_modeEPv
                0x0800c4a0        0xc bn_sprites_manager.o
                0x0800c4a0                bn::sprites_manager::view_mode(void*)
 .text._ZN2bn15sprites_manager10affine_matEPv
                0x0800c4ac        0x4 bn_sprites_manager.o
                0x0800c4ac                bn::sprites_manager::affine_mat(void*)
 .text._ZN2bn15sprites_manager39fill_hblank_effect_horizontal_positionsEPviPKNS_7fixed_tILi12EEEPt
                0x0800c4b0       0x44 bn_sprites_manager.o
                0x0800c4b0                bn::sprites_manager::fill_hblank_effect_horizontal_positions(void*, int, bn::fixed_t<12> const*, unsigned short*)
 .text._ZN2bn15sprites_manager37fill_hblank_effect_vertical_positionsEPviPKNS_7fixed_tILi12EEEPt
                0x0800c4f4       0x44 bn_sprites_manager.o
                0x0800c4f4                bn::sprites_manager::fill_hblank_effect_vertical_positions(void*, int, bn::fixed_t<12> const*, unsigned short*)
 .text._ZN2bn15sprites_manager35fill_hblank_effect_first_attributesEiNS_12sprite_shapeENS_8bpp_modeEiPKNS_23sprite_first_attributesEPt
                0x0800c538      0x108 bn_sprites_manager.o
                0x0800c538                bn::sprites_manager::fill_hblank_effect_first_attributes(int, bn::sprite_shape, bn::bpp_mode, int, bn::sprite_first_attributes const*, unsigned short*)
 .text._ZN2bn15sprites_manager44fill_hblank_effect_regular_second_attributesEPviNS_11sprite_sizeEPKNS_32sprite_regular_second_attributesEPt
                0x0800c640       0x60 bn_sprites_manager.o
                0x0800c640                bn::sprites_manager::fill_hblank_effect_regular_second_attributes(void*, int, bn::sprite_size, bn::sprite_regular_second_attributes const*, unsigned short*)
 .text._ZN2bn15sprites_manager43fill_hblank_effect_affine_second_attributesEPviNS_11sprite_sizeEPKNS_31sprite_affine_second_attributesEPt
                0x0800c6a0       0x58 bn_sprites_manager.o
                0x0800c6a0                bn::sprites_manager::fill_hblank_effect_affine_second_attributes(void*, int, bn::sprite_size, bn::sprite_affine_second_attributes const*, unsigned short*)
 .text._ZN2bn15sprites_manager14update_camerasEv
                0x0800c6f8       0x2c bn_sprites_manager.o
                0x0800c6f8                bn::sprites_manager::update_cameras()
 .text._ZN2bn15sprites_manager6commitEb
                0x0800c724       0xa4 bn_sprites_manager.o
                0x0800c724                bn::sprites_manager::commit(bool)
 .text._ZNK2bn17sprite_shape_size11tiles_countENS_8bpp_modeE.isra.0
                0x0800c7c8      0x14c bn_sprites_manager.o
 .text._ZN2bn15sprites_manager12_GLOBAL__N_118_remove_affine_matERNS_20sprites_manager_itemE
                0x0800c914       0xd4 bn_sprites_manager.o
 .text._ZN2bn15sprites_manager40remove_identity_affine_mat_if_not_neededEPv
                0x0800c9e8       0x18 bn_sprites_manager.o
                0x0800c9e8                bn::sprites_manager::remove_identity_affine_mat_if_not_needed(void*)
 .text._ZN2bn15sprites_manager7paletteEPv
                0x0800ca00       0x34 bn_sprites_manager.o
                0x0800ca00                bn::sprites_manager::palette(void*)
 .text._ZN2bn15sprites_manager6updateEv
                0x0800ca34      0x17c bn_sprites_manager.o
                0x0800ca34                bn::sprites_manager::update()
 .text._ZN3_bn6assert9show_argsIJA27_ciA4_ciEEEvPKcS5_S5_iDpRKT_
                0x0800cbb0       0x5c bn_sprites_manager.o
                0x0800cbb0                void _bn::assert::show_args<char [27], int, char [4], int>(char const*, char const*, char const*, int, char const (&) [27], int const&, char const (&) [4], int const&)
 .text._ZN2bn15sprites_manager35fill_hblank_effect_third_attributesENS_17sprite_shape_sizeEPKNS_23sprite_third_attributesEPt
                0x0800cc0c       0xc8 bn_sprites_manager.o
                0x0800cc0c                bn::sprites_manager::fill_hblank_effect_third_attributes(bn::sprite_shape_size, bn::sprite_third_attributes const*, unsigned short*)
 .text._ZN2bn14sorted_sprites6sorter6insertERNS_20sprites_manager_itemE
                0x0800ccd4      0x170 bn_sprites_manager.o
                0x0800ccd4                bn::sorted_sprites::sorter::insert(bn::sprites_manager_item&)
 .text._ZN2bn15sprites_manager6createERKNS_11fixed_pointERKNS_17sprite_shape_sizeEONS_16sprite_tiles_ptrEONS_18sprite_palette_ptrE
                0x0800ce44      0x1dc bn_sprites_manager.o
                0x0800ce44                bn::sprites_manager::create(bn::fixed_point const&, bn::sprite_shape_size const&, bn::sprite_tiles_ptr&&, bn::sprite_palette_ptr&&)
 .text._ZNK2bn11sprite_item13create_spriteENS_7fixed_tILi12EEES2_
                0x0800d020       0x44 bn_sprites_manager.o
                0x0800d020                bn::sprite_item::create_sprite(bn::fixed_t<12>, bn::fixed_t<12>) const
 .text.startup._GLOBAL__sub_I__ZN2bn7sprites16used_items_countEv
                0x0800d064       0x9c bn_sprites_manager.o
 .text.exit._GLOBAL__sub_D__ZN2bn7sprites16used_items_countEv
                0x0800d100       0x4c bn_sprites_manager.o
 .text._ZN2bn13ostringstreamC2ERNS_12istring_baseE
                0x0800d14c        0x8 bn_sstream.o
                0x0800d14c                bn::ostringstream::ostringstream(bn::istring_base&)
                0x0800d14c                bn::ostringstream::ostringstream(bn::istring_base&)
 .text._ZN2bn13ostringstream6appendEPKc
                0x0800d154       0x94 bn_sstream.o
                0x0800d154                bn::ostringstream::append(char const*)
 .text._ZN2bn13ostringstream6appendEi
                0x0800d1e8       0xa8 bn_sstream.o
                0x0800d1e8                bn::ostringstream::append(int)
 .text._ZN2bn13ostringstream6appendERKNS_11string_viewE
                0x0800d290       0x9c bn_sstream.o
                0x0800d290                bn::ostringstream::append(bn::string_view const&)
 .text._ZN2bn13ostringstream6appendEj
                0x0800d32c       0xa8 bn_sstream.o
                0x0800d32c                bn::ostringstream::append(unsigned int)
 .text._ZN2bn13ostringstream6appendEPKv
                0x0800d3d4       0xfc bn_sstream.o
                0x0800d3d4                bn::ostringstream::append(void const*)
 .text._ZN2bn13ostringstream6appendEc
                0x0800d4d0       0x44 bn_sstream.o
                0x0800d4d0                bn::ostringstream::append(char)
 .text._ZN2bn5timerC2Ev
                0x0800d514       0x18 bn_timer.o
                0x0800d514                bn::timer::timer()
                0x0800d514                bn::timer::timer()
 .text._ZNK2bn5timer13elapsed_ticksEv
                0x0800d52c       0x38 bn_timer.o
                0x0800d52c                bn::timer::elapsed_ticks() const
 .text._ZN2bn5timer7restartEv
                0x0800d564       0x18 bn_timer.o
                0x0800d564                bn::timer::restart()
 .text._ZN2bn2hw5audio12_GLOBAL__N_124_disabled_vblank_handlerEv
                0x0800d57c       0x10 bn_hw_audio.o
 .text._ZN2bn2hw5audio12_GLOBAL__N_17_commitEv
                0x0800d58c       0x7c bn_hw_audio.o
 .text._ZN2bn2hw5audio12_GLOBAL__N_123_enabled_vblank_handlerEv
                0x0800d608       0x24 bn_hw_audio.o
 .text._ZN2bn2hw5audio4initEv
                0x0800d62c       0x68 bn_hw_audio.o
                0x0800d62c                bn::hw::audio::init()
 .text._ZN2bn2hw5audio7disableEv
                0x0800d694       0x30 bn_hw_audio.o
                0x0800d694                bn::hw::audio::disable()
 .text._ZN2bn2hw5audio13music_playingEv
                0x0800d6c4       0x10 bn_hw_audio.o
                0x0800d6c4                bn::hw::audio::music_playing()
 .text._ZN2bn2hw5audio10play_musicEib
                0x0800d6d4       0x24 bn_hw_audio.o
                0x0800d6d4                bn::hw::audio::play_music(int, bool)
 .text._ZN2bn2hw5audio10stop_musicEv
                0x0800d6f8        0xc bn_hw_audio.o
                0x0800d6f8                bn::hw::audio::stop_music()
 .text._ZN2bn2hw5audio11pause_musicEv
                0x0800d704        0xc bn_hw_audio.o
                0x0800d704                bn::hw::audio::pause_music()
 .text._ZN2bn2hw5audio12resume_musicEv
                0x0800d710        0xc bn_hw_audio.o
                0x0800d710                bn::hw::audio::resume_music()
 .text._ZN2bn2hw5audio14music_positionEv
                0x0800d71c        0xc bn_hw_audio.o
                0x0800d71c                bn::hw::audio::music_position()
 .text._ZN2bn2hw5audio18set_music_positionEi
                0x0800d728        0xc bn_hw_audio.o
                0x0800d728                bn::hw::audio::set_music_position(int)
 .text._ZN2bn2hw5audio16set_music_volumeEi
                0x0800d734        0xc bn_hw_audio.o
                0x0800d734                bn::hw::audio::set_music_volume(int)
 .text._ZN2bn2hw5audio15set_music_tempoEi
                0x0800d740        0xc bn_hw_audio.o
                0x0800d740                bn::hw::audio::set_music_tempo(int)
 .text._ZN2bn2hw5audio15set_music_pitchEi
                0x0800d74c        0xc bn_hw_audio.o
                0x0800d74c                bn::hw::audio::set_music_pitch(int)
 .text._ZN2bn2hw5audio22disable_vblank_handlerEv
                0x0800d758       0x14 bn_hw_audio.o
                0x0800d758                bn::hw::audio::disable_vblank_handler()
 .text._ZN2bn2hw5audio6updateEb
                0x0800d76c       0x18 bn_hw_audio.o
                0x0800d76c                bn::hw::audio::update(bool)
 .text._ZN2bn2hw5audio6commitEv
                0x0800d784       0x20 bn_hw_audio.o
                0x0800d784                bn::hw::audio::commit()
 .text._ZN2bn2hw5audio12_GLOBAL__N_119_add_sound_to_queueEit
                0x0800d7a4       0xa0 bn_hw_audio.o
 .text._ZN2bn2hw5audio15stop_all_soundsEv
                0x0800d844       0x6c bn_hw_audio.o
                0x0800d844                bn::hw::audio::stop_all_sounds()
 .text._ZN2bn2hw5audio12_GLOBAL__N_119_check_sounds_queueEv.part.0
                0x0800d8b0       0x98 bn_hw_audio.o
 .text._ZN2bn2hw5audio10play_soundEiiiii
                0x0800d948       0x44 bn_hw_audio.o
                0x0800d948                bn::hw::audio::play_sound(int, int, int, int, int)
 .text._ZN2bn2hw5audio10play_soundEii
                0x0800d98c       0x30 bn_hw_audio.o
                0x0800d98c                bn::hw::audio::play_sound(int, int)
 .text._ZN2bn2hw5audio19update_sounds_queueEv
                0x0800d9bc       0x90 bn_hw_audio.o
                0x0800d9bc                bn::hw::audio::update_sounds_queue()
 .text.startup._GLOBAL__sub_I__ZN2bn2hw5audio4initEv
                0x0800da4c       0x30 bn_hw_audio.o
 .text.exit._GLOBAL__sub_D__ZN2bn2hw5audio4initEv
                0x0800da7c       0x74 bn_hw_audio.o
 .text._ZN3_bn6assert9show_argsIA40_cEEvPKcS4_S4_iRKT_
                0x0800daf0       0x50 bn_hw_common.bn_noflto.o
                0x0800daf0                void _bn::assert::show_args<char [40]>(char const*, char const*, char const*, int, char const (&) [40])
 .text.__aeabi_idiv0
                0x0800db40       0x24 bn_hw_common.bn_noflto.o
                0x0800db40                __aeabi_idiv0
 .text.__aeabi_ldiv0
                0x0800db64       0x24 bn_hw_common.bn_noflto.o
                0x0800db64                __aeabi_ldiv0
 .text.free     0x0800db88        0xc bn_hw_cstdlib.o
                0x0800db88                free
 .text._ZN2bn2hw8game_pak14_slow_game_pakEv
                0x0800db94       0x88 bn_hw_game_pak.bn_ewram.o
                0x0800db94                bn::hw::game_pak::_slow_game_pak()
 .text._ZN2bn2hw8game_pak4initEv
                0x0800dc1c       0x28 bn_hw_game_pak.o
                0x0800dc1c                bn::hw::game_pak::init()
 .text._ZN2bn2hw3irq4initEv
                0x0800dc44        0xc bn_hw_irq.o
                0x0800dc44                bn::hw::irq::init()
 .text._ZN2bn2hw3irq7set_isrENS1_2idEPFvvE
                0x0800dc50       0x10 bn_hw_irq.o
                0x0800dc50                bn::hw::irq::set_isr(bn::hw::irq::id, void (*)())
 .text._ZN2bn2hw3irq6enableENS1_2idE
                0x0800dc60       0x10 bn_hw_irq.o
                0x0800dc60                bn::hw::irq::enable(bn::hw::irq::id)
 .text._ZN2bn2hw3irq7disableENS1_2idE
                0x0800dc70       0x10 bn_hw_irq.o
                0x0800dc70                bn::hw::irq::disable(bn::hw::irq::id)
 .text._ZN2bn2hw4link12_GLOBAL__N_119_resetStateCallbackEv
                0x0800dc80       0x4c bn_hw_link.o
 .text._ZN2bn2hw4link4initEv
                0x0800dccc       0xc0 bn_hw_link.o
                0x0800dccc                bn::hw::link::init()
 .text._ZN2bn2hw4link6activeEv
                0x0800dd8c       0x10 bn_hw_link.o
                0x0800dd8c                bn::hw::link::active()
 .text._ZN2bn2hw4link7disableEv
                0x0800dd9c       0x6c bn_hw_link.o
                0x0800dd9c                bn::hw::link::disable()
 .text._ZN2bn2hw4link6commitEv
                0x0800de08       0x30 bn_hw_link.o
                0x0800de08                bn::hw::link::commit()
 .text._ZN2bn2hw4link11_timer_intrEv
                0x0800de38       0xf8 bn_hw_link.o
                0x0800de38                bn::hw::link::_timer_intr()
 .text._ZN2bn2hw4link12_serial_intrEv
                0x0800df30      0x1bc bn_hw_link.o
                0x0800df30                bn::hw::link::_serial_intr()
 .text._ZN2bn2hw4link12_GLOBAL__N_117_sendDataCallbackEv
                0x0800e0ec       0xe0 bn_hw_link.o
 .text._ZN2bn2hw4link12_GLOBAL__N_124_receiveResponseCallbackERK12LinkResponse
                0x0800e1cc      0x158 bn_hw_link.o
 .text.startup._GLOBAL__sub_I__ZN2bn2hw4link4initEv
                0x0800e324       0x68 bn_hw_link.o
 .text._ZN2bn2hw3logERKNS_12istring_baseE
                0x0800e38c       0x58 bn_hw_log.o
                0x0800e38c                bn::hw::log(bn::istring_base const&)
 .text._ZN2bn2hw6memory4initEv
                0x0800e3e4        0x4 bn_hw_memory.o
                0x0800e3e4                bn::hw::memory::init()
 .text._ZN2bn2hw6memory16ewram_heap_startEv
                0x0800e3e8        0x8 bn_hw_memory.o
                0x0800e3e8                bn::hw::memory::ewram_heap_start()
 .text._ZN2bn2hw6memory14ewram_heap_endEv
                0x0800e3f0        0x8 bn_hw_memory.o
                0x0800e3f0                bn::hw::memory::ewram_heap_end()
 .text._ZN2bn2hw8palettes8contrastEPKNS_5colorEiiPS2_
                0x0800e3f8       0x18 bn_hw_palettes.o
                0x0800e3f8                bn::hw::palettes::contrast(bn::color const*, int, int, bn::color*)
 .text._ZN2bn2hw8palettes9intensityEPKNS_5colorEiiPS2_
                0x0800e410       0x18 bn_hw_palettes.o
                0x0800e410                bn::hw::palettes::intensity(bn::color const*, int, int, bn::color*)
 .text._ZN2bn2hw8palettes9hue_shiftEPKNS_5colorEiiPS2_
                0x0800e428      0x154 bn_hw_palettes.o
                0x0800e428                bn::hw::palettes::hue_shift(bn::color const*, int, int, bn::color*)
 .text._ZN2bn2hw8palettes6rotateEPKNS_5colorEiiPS2_
                0x0800e57c       0x2c bn_hw_palettes.o
                0x0800e57c                bn::hw::palettes::rotate(bn::color const*, int, int, bn::color*)
 .text._ZN2bn2hw4show5errorERKNS_11system_fontERKNS_11string_viewES7_S7_iS7_S7_
                0x0800e5a8      0x3bc bn_hw_show.o
                0x0800e5a8                bn::hw::show::error(bn::system_font const&, bn::string_view const&, bn::string_view const&, bn::string_view const&, int, bn::string_view const&, bn::string_view const&)
 .text._ZN2bn2hw4sram4initEv
                0x0800e964       0x18 bn_hw_sram.o
                0x0800e964                bn::hw::sram::init()
 .text._ZN2bn11system_fontC2Ev
                0x0800e97c       0x18 bn_hw_system_font.o
                0x0800e97c                bn::system_font::system_font()
                0x0800e97c                bn::system_font::system_font()
 .text._ZNK2bn11system_font8tte_fontEv
                0x0800e994        0x4 bn_hw_system_font.o
                0x0800e994                bn::system_font::tte_font() const
 .text._ZN2bn2hw4text5parseEiRNS_5arrayIcLi32EEE
                0x0800e998       0xbc bn_hw_text.o
                0x0800e998                bn::hw::text::parse(int, bn::array<char, 32>&)
 .text._ZN2bn2hw4text5parseEjRNS_5arrayIcLi32EEE
                0x0800ea54       0xa0 bn_hw_text.o
                0x0800ea54                bn::hw::text::parse(unsigned int, bn::array<char, 32>&)
 .text._ZN2bn2hw4text5parseEPKvRNS_5arrayIcLi32EEE
                0x0800eaf4       0x30 bn_hw_text.o
                0x0800eaf4                bn::hw::text::parse(void const*, bn::array<char, 32>&)
 .text.clr_grayscale
                0x0800eb24       0x7c tonc_color.o
                0x0800eb24                clr_grayscale
 .text.sbmp16_rect
                0x0800eba0       0x68 tonc_sbmp16.o
                0x0800eba0                sbmp16_rect
 .text.bmp16_drawg_b1cts
                0x0800ec08       0xb0 bmp16_drawg_b1cs.o
                0x0800ec08                bmp16_drawg_b1cts
 .text.bmp16_erase
                0x0800ecb8       0x24 tte_init_bmp.o
                0x0800ecb8                bmp16_erase
 .text.tte_init_bmp
                0x0800ecdc       0x60 tte_init_bmp.o
                0x0800ecdc                tte_init_bmp
 .text.dummy_drawg
                0x0800ed3c        0x4 tte_main.o
                0x0800ed3c                dummy_drawg
 .text.dummy_erase
                0x0800ed40        0x4 tte_main.o
                0x0800ed40                dummy_erase
 .text.tte_init_base
                0x0800ed44       0x68 tte_main.o
                0x0800ed44                tte_init_base
 .text.utf8_decode_char
                0x0800edac       0xb4 tte_main.o
                0x0800edac                utf8_decode_char
 .text.tte_write
                0x0800ee60       0xe8 tte_main.o
                0x0800ee60                tte_write
 .text.tte_get_text_size
                0x0800ef48       0xa4 tte_main.o
                0x0800ef48                tte_get_text_size
 .text.tte_set_margins
                0x0800efec       0x18 tte_main.o
                0x0800efec                tte_set_margins
 .text.IRQ_Init
                0x0800f004       0x48 interrupts_gba.o
                0x0800f004                IRQ_Init
 .text.IRQ_SetHandler
                0x0800f04c       0x10 interrupts_gba.o
                0x0800f04c                IRQ_SetHandler
 .text.IRQ_Enable
                0x0800f05c       0x64 interrupts_gba.o
                0x0800f05c                IRQ_Enable
 .text.IRQ_Disable
                0x0800f0c0       0x60 interrupts_gba.o
                0x0800f0c0                IRQ_Disable
 .text.channel3_refresh_registers
                0x0800f120       0xd0 gbt_player.o
 .text.gbt_refresh_pattern_ptr
                0x0800f1f0       0x84 gbt_player.o
 .text.gbt_ch1234_nop
                0x0800f274        0x4 gbt_player.o
 .text.gbt_ch1234_speed
                0x0800f278       0x10 gbt_player.o
 .text.gbt_ch1234_jump_pattern
                0x0800f288       0x14 gbt_player.o
 .text.gbt_ch1234_jump_position
                0x0800f29c       0x1c gbt_player.o
 .text.gbt_ch1234_event
                0x0800f2b8       0x24 gbt_player.o
 .text.gbt_ch1_pan
                0x0800f2dc       0x10 gbt_player.o
 .text.gbt_ch1_cut_note
                0x0800f2ec       0x10 gbt_player.o
 .text.gbt_ch1_arpeggio
                0x0800f2fc       0x34 gbt_player.o
 .text.gbt_ch1_vibrato
                0x0800f330       0x20 gbt_player.o
 .text.gbt_ch1_volslide
                0x0800f350       0x10 gbt_player.o
 .text.gbt_ch2_pan
                0x0800f360       0x10 gbt_player.o
 .text.gbt_ch2_cut_note
                0x0800f370       0x10 gbt_player.o
 .text.gbt_ch2_arpeggio
                0x0800f380       0x34 gbt_player.o
 .text.gbt_ch2_vibrato
                0x0800f3b4       0x20 gbt_player.o
 .text.gbt_ch2_volslide
                0x0800f3d4       0x10 gbt_player.o
 .text.gbt_ch3_pan
                0x0800f3e4       0x10 gbt_player.o
 .text.gbt_ch3_cut_note
                0x0800f3f4       0x10 gbt_player.o
 .text.gbt_ch3_arpeggio
                0x0800f404       0x34 gbt_player.o
 .text.gbt_ch3_vibrato
                0x0800f438       0x20 gbt_player.o
 .text.gbt_ch4_pan
                0x0800f458       0x14 gbt_player.o
 .text.gbt_ch4_cut_note
                0x0800f46c       0x10 gbt_player.o
 .text.gbt_ch4_volslide
                0x0800f47c       0x10 gbt_player.o
 .text.gbt_update_refresh_panning
                0x0800f48c       0x50 gbt_player.o
 .text.gbt_run_startup_commands.part.0
                0x0800f4dc       0xd0 gbt_player.o
 .text.gbt_update_effects_internal
                0x0800f5ac      0x2cc gbt_player.o
 .text.gbt_play
                0x0800f878      0x1dc gbt_player.o
                0x0800f878                gbt_play
 .text.gbt_volume
                0x0800fa54       0x68 gbt_player.o
                0x0800fa54                gbt_volume
 .text.gbt_is_playing
                0x0800fabc        0xc gbt_player.o
                0x0800fabc                gbt_is_playing
 .text.gbt_pause
                0x0800fac8       0x48 gbt_player.o
                0x0800fac8                gbt_pause
 .text.gbt_loop
                0x0800fb10        0xc gbt_player.o
                0x0800fb10                gbt_loop
 .text.gbt_stop
                0x0800fb1c       0x24 gbt_player.o
                0x0800fb1c                gbt_stop
 .text.gbt_update
                0x0800fb40      0x678 gbt_player.o
                0x0800fb40                gbt_update
 .text.gbt_get_position
                0x080101b8       0x4c gbt_player.o
                0x080101b8                gbt_get_position
 .text.gbt_set_position
                0x08010204       0xe0 gbt_player.o
                0x08010204                gbt_set_position
 .text          0x080102e4       0x8c tonc_bios.o
                0x080102e4                SoftReset
                0x080102e8                RegisterRamReset
                0x080102ec                Halt
                0x080102f0                Stop
                0x080102f4                IntrWait
                0x080102f8                VBlankIntrWait
                0x080102fc                Div
                0x08010300                DivArm
                0x08010304                Sqrt
                0x08010308                ArcTan
                0x0801030c                ArcTan2
                0x08010310                CpuSet
                0x08010314                CpuFastSet
                0x08010318                BiosCheckSum
                0x0801031c                BgAffineSet
                0x08010320                ObjAffineSet
                0x08010324                BitUnPack
                0x08010328                LZ77UnCompWram
                0x0801032c                LZ77UnCompVram
                0x08010330                HuffUnComp
                0x08010334                RLUnCompWram
                0x08010338                RLUnCompVram
                0x0801033c                Diff8bitUnFilterWram
                0x08010340                Diff8bitUnFilterVram
                0x08010344                Diff16bitUnFilter
                0x08010348                SoundBias
                0x0801034c                SoundDriverInit
                0x08010350                SoundDriverMode
                0x08010354                SoundDriverMain
                0x08010358                SoundDriverVSync
                0x0801035c                SoundChannelClear
                0x08010360                MidiKey2Freq
                0x08010364                MultiBoot
                0x08010368                SoundDriverVSyncOff
                0x0801036c                SoundDriverVSyncOn
 .text          0x08010370       0x3c tonc_memset.o
                0x08010370                memset16
 .text          0x080103ac      0x26c posprintf.o
                0x080103b0                posprintf
 .text          0x08010618     0x1570 C:/devkitPro/libgba/lib\libmm.a(mm_mas.o)
                0x0801068c                mmStart
                0x080106ac                mmJingle
                0x080106b2                mmPlayModule
                0x0801077c                mmPause
                0x08010798                mmResume
                0x080107a8                mmActive
                0x080107ae                mmActiveSub
                0x080107b4                mmSetModuleVolume
                0x080107c4                mmSetJingleVolume
                0x08010800                mmGetPositionTick
                0x08010806                mmGetPositionRow
                0x0801080c                mmGetPosition
                0x08010812                mmPosition
                0x0801082c                mmSetModuleTempo
                0x0801085e                mmSetModulePitch
                0x080108a0                mmStop
                0x08010966                mppUpdateSub
                0x08010ac2                mpp_Process_VolumeCommand
                0x08010cfa                mpp_Process_Effect
                0x08011448                ST3_FREQTABLE
                0x08011868                IT_PitchTable
 .text          0x08011b88       0x14 C:/devkitPro/libgba/lib\libmm.a(mm_main.o)
                0x08011b88                mpp_call_r7
                0x08011b8a                mpp_call_r1
                0x08011b8c                mpp_call_r2
                0x08011b8e                mpp_call_r3
                0x08011b90                mmSetEventHandler
 .text          0x08011b9c      0x314 C:/devkitPro/libgba/lib\libmm.a(mm_effect.o)
                0x08011b9c                mmResetEffects
                0x08011bc8                mmEffect
                0x08011bde                mmEffectEx
                0x08011cde                mmEffectActive
                0x08011d12                mmEffectVolume
                0x08011d2e                mmEffectPanning
                0x08011d42                mmEffectRate
                0x08011d56                mmEffectCancel
                0x08011d90                mmEffectRelease
                0x08011db6                mmEffectScaleRate
                0x08011dca                mmSetEffectsVolume
                0x08011dd8                mmEffectCancelAll
                0x08011e18                mmUpdateEffects
 .text          0x08011eb0      0x1e0 C:/devkitPro/libgba/lib\libmm.a(mm_mixer_gba.o)
                0x08011eb0                mmMixerSetSource
                0x08011ec4                mmMixerSetRead
                0x08011ed2                mmMixerSetFreq
                0x08011ee2                mmMixerMulFreq
                0x08011ef6                mmMixerStopChannel
                0x08011f08                mmMixerChannelActive
                0x08011f1a                mmMixerSetVolume
                0x08011f28                mmMixerSetPan
                0x08011f36                mmMixerInit
 .text          0x08012090      0x12c C:/devkitPro/libgba/lib\libmm.a(mm_main_gba.o)
                0x08012090                mmInit
                0x080120e4                mmSetVBlankHandler
                0x080120ea                mmFrame
 .text          0x080121bc       0x3c C:/devkitPro/devkitARM/bin/../lib/gcc/arm-none-eabi/13.1.0/thumb\libgcc.a(_call_via_rX.o)
                0x080121bc                _call_via_r0
                0x080121c0                _call_via_r1
                0x080121c4                _call_via_r2
                0x080121c8                _call_via_r3
                0x080121cc                _call_via_r4
                0x080121d0                _call_via_r5
                0x080121d4                _call_via_r6
                0x080121d8                _call_via_r7
                0x080121dc                _call_via_r8
                0x080121e0                _call_via_r9
                0x080121e4                _call_via_sl
                0x080121e8                _call_via_fp
                0x080121ec                _call_via_ip
                0x080121f0                _call_via_sp
                0x080121f4                _call_via_lr
 .text          0x080121f8       0x3c C:/devkitPro/devkitARM/bin/../lib/gcc/arm-none-eabi/13.1.0/thumb\libgcc.a(_aeabi_uldivmod.o)
                0x080121f8                __aeabi_uldivmod
 .text.__udivmoddi4
                0x08012234      0x19c C:/devkitPro/devkitARM/bin/../lib/gcc/arm-none-eabi/13.1.0/thumb\libgcc.a(_udivmoddi4.o)
                0x08012234                __udivmoddi4
 .text.printf   0x080123d0       0x24 C:/devkitPro/devkitARM/bin/../lib/gcc/arm-none-eabi/13.1.0/../../../../arm-none-eabi/lib/thumb\libg.a(libc_a-printf.o)
                0x080123d0                printf
 .text.get_arg  0x080123f4      0x434 C:/devkitPro/devkitARM/bin/../lib/gcc/arm-none-eabi/13.1.0/../../../../arm-none-eabi/lib/thumb\libg.a(libc_a-vfprintf.o)
 .text._vfprintf_r
                0x08012828     0x2388 C:/devkitPro/devkitARM/bin/../lib/gcc/arm-none-eabi/13.1.0/../../../../arm-none-eabi/lib/thumb\libg.a(libc_a-vfprintf.o)
                0x08012828                _vfprintf_r
 .text.__sbprintf
                0x08014bb0       0x7c C:/devkitPro/devkitARM/bin/../lib/gcc/arm-none-eabi/13.1.0/../../../../arm-none-eabi/lib/thumb\libg.a(libc_a-vfprintf.o)
 .text.strlen   0x08014c2c       0x60 C:/devkitPro/devkitARM/bin/../lib/gcc/arm-none-eabi/13.1.0/../../../../arm-none-eabi/lib/thumb\libg.a(libc_a-strlen.o)
                0x08014c2c                strlen
 .text.__sflush_r
                0x08014c8c      0x188 C:/devkitPro/devkitARM/bin/../lib/gcc/arm-none-eabi/13.1.0/../../../../arm-none-eabi/lib/thumb\libg.a(libc_a-fflush.o)
                0x08014c8c                __sflush_r
 .text._fflush_r
                0x08014e14       0x70 C:/devkitPro/devkitARM/bin/../lib/gcc/arm-none-eabi/13.1.0/../../../../arm-none-eabi/lib/thumb\libg.a(libc_a-fflush.o)
                0x08014e14                _fflush_r
 .text._fwalk_sglue
                0x08014e84       0x4c C:/devkitPro/devkitARM/bin/../lib/gcc/arm-none-eabi/13.1.0/../../../../arm-none-eabi/lib/thumb\libg.a(libc_a-fwalk.o)
                0x08014e84                _fwalk_sglue
 .text.strncpy  0x08014ed0       0x68 C:/devkitPro/devkitARM/bin/../lib/gcc/arm-none-eabi/13.1.0/../../../../arm-none-eabi/lib/thumb\libg.a(libc_a-strncpy.o)
                0x08014ed0                strncpy
 .text.stdio_exit_handler